../Core/Src/main.c:107:6:Initialize_Motors	16	static
../Core/Src/main.c:140:6:Stop_All_Motors	8	static
../Core/Src/main.c:152:6:set_Enables_High	8	static
../Core/Src/main.c:162:6:set_Enables_Low	8	static
../Core/Src/main.c:174:5:Motor_Control	32	static
../Core/Src/main.c:226:6:LED_Control	16	static
../Core/Src/main.c:249:6:readBuffer	8	static
../Core/Src/main.c:269:6:LEDToggle	16	static
../Core/Src/main.c:288:6:SendUpdate	8	static
../Core/Src/main.c:301:5:main	8	static
../Core/Src/main.c:360:6:SystemClock_Config	88	static
../Core/Src/main.c:406:13:MX_NVIC_Init	8	static
../Core/Src/main.c:421:13:MX_I2C1_Init	8	static
../Core/Src/main.c:455:13:MX_TIM6_Init	16	static
../Core/Src/main.c:493:13:MX_TIM9_Init	24	static
../Core/Src/main.c:531:13:MX_USART1_UART_Init	8	static
../Core/Src/main.c:564:13:MX_USART2_UART_Init	8	static
../Core/Src/main.c:595:13:MX_DMA_Init	16	static
../Core/Src/main.c:613:13:MX_GPIO_Init	48	static
../Core/Src/main.c:696:6:HAL_UART_RxCpltCallback	16	static
../Core/Src/main.c:704:6:HAL_TIM_PeriodElapsedCallback	16	static
../Core/Src/main.c:734:6:Error_Handler	4	static,ignoring_inline_asm
