Archive member included to satisfy reference by file (symbol)

C:/ST/STM32CubeIDE_1.13.2/STM32CubeIDE/plugins/com.st.stm32cube.ide.mcu.externaltools.gnu-tools-for-stm32.11.3.rel1.win32_1.1.1.202309131626/tools/bin/../lib/gcc/arm-none-eabi/11.3.1/../../../../arm-none-eabi/lib/thumb/v7e-m+fp/hard\libc_nano.a(libc_a-exit.o)
                              C:/ST/STM32CubeIDE_1.13.2/STM32CubeIDE/plugins/com.st.stm32cube.ide.mcu.externaltools.gnu-tools-for-stm32.11.3.rel1.win32_1.1.1.202309131626/tools/bin/../lib/gcc/arm-none-eabi/11.3.1/../../../../arm-none-eabi/lib/thumb/v7e-m+fp/hard/crt0.o (exit)
C:/ST/STM32CubeIDE_1.13.2/STM32CubeIDE/plugins/com.st.stm32cube.ide.mcu.externaltools.gnu-tools-for-stm32.11.3.rel1.win32_1.1.1.202309131626/tools/bin/../lib/gcc/arm-none-eabi/11.3.1/../../../../arm-none-eabi/lib/thumb/v7e-m+fp/hard\libc_nano.a(libc_a-findfp.o)
                              C:/ST/STM32CubeIDE_1.13.2/STM32CubeIDE/plugins/com.st.stm32cube.ide.mcu.externaltools.gnu-tools-for-stm32.11.3.rel1.win32_1.1.1.202309131626/tools/bin/../lib/gcc/arm-none-eabi/11.3.1/../../../../arm-none-eabi/lib/thumb/v7e-m+fp/hard\libc_nano.a(libc_a-exit.o) (__stdio_exit_handler)
C:/ST/STM32CubeIDE_1.13.2/STM32CubeIDE/plugins/com.st.stm32cube.ide.mcu.externaltools.gnu-tools-for-stm32.11.3.rel1.win32_1.1.1.202309131626/tools/bin/../lib/gcc/arm-none-eabi/11.3.1/../../../../arm-none-eabi/lib/thumb/v7e-m+fp/hard\libc_nano.a(libc_a-fwalk.o)
                              C:/ST/STM32CubeIDE_1.13.2/STM32CubeIDE/plugins/com.st.stm32cube.ide.mcu.externaltools.gnu-tools-for-stm32.11.3.rel1.win32_1.1.1.202309131626/tools/bin/../lib/gcc/arm-none-eabi/11.3.1/../../../../arm-none-eabi/lib/thumb/v7e-m+fp/hard\libc_nano.a(libc_a-findfp.o) (_fwalk_sglue)
C:/ST/STM32CubeIDE_1.13.2/STM32CubeIDE/plugins/com.st.stm32cube.ide.mcu.externaltools.gnu-tools-for-stm32.11.3.rel1.win32_1.1.1.202309131626/tools/bin/../lib/gcc/arm-none-eabi/11.3.1/../../../../arm-none-eabi/lib/thumb/v7e-m+fp/hard\libc_nano.a(libc_a-stdio.o)
                              C:/ST/STM32CubeIDE_1.13.2/STM32CubeIDE/plugins/com.st.stm32cube.ide.mcu.externaltools.gnu-tools-for-stm32.11.3.rel1.win32_1.1.1.202309131626/tools/bin/../lib/gcc/arm-none-eabi/11.3.1/../../../../arm-none-eabi/lib/thumb/v7e-m+fp/hard\libc_nano.a(libc_a-findfp.o) (__sread)
C:/ST/STM32CubeIDE_1.13.2/STM32CubeIDE/plugins/com.st.stm32cube.ide.mcu.externaltools.gnu-tools-for-stm32.11.3.rel1.win32_1.1.1.202309131626/tools/bin/../lib/gcc/arm-none-eabi/11.3.1/../../../../arm-none-eabi/lib/thumb/v7e-m+fp/hard\libc_nano.a(libc_a-memset.o)
                              C:/ST/STM32CubeIDE_1.13.2/STM32CubeIDE/plugins/com.st.stm32cube.ide.mcu.externaltools.gnu-tools-for-stm32.11.3.rel1.win32_1.1.1.202309131626/tools/bin/../lib/gcc/arm-none-eabi/11.3.1/../../../../arm-none-eabi/lib/thumb/v7e-m+fp/hard/crt0.o (memset)
C:/ST/STM32CubeIDE_1.13.2/STM32CubeIDE/plugins/com.st.stm32cube.ide.mcu.externaltools.gnu-tools-for-stm32.11.3.rel1.win32_1.1.1.202309131626/tools/bin/../lib/gcc/arm-none-eabi/11.3.1/../../../../arm-none-eabi/lib/thumb/v7e-m+fp/hard\libc_nano.a(libc_a-closer.o)
                              C:/ST/STM32CubeIDE_1.13.2/STM32CubeIDE/plugins/com.st.stm32cube.ide.mcu.externaltools.gnu-tools-for-stm32.11.3.rel1.win32_1.1.1.202309131626/tools/bin/../lib/gcc/arm-none-eabi/11.3.1/../../../../arm-none-eabi/lib/thumb/v7e-m+fp/hard\libc_nano.a(libc_a-stdio.o) (_close_r)
C:/ST/STM32CubeIDE_1.13.2/STM32CubeIDE/plugins/com.st.stm32cube.ide.mcu.externaltools.gnu-tools-for-stm32.11.3.rel1.win32_1.1.1.202309131626/tools/bin/../lib/gcc/arm-none-eabi/11.3.1/../../../../arm-none-eabi/lib/thumb/v7e-m+fp/hard\libc_nano.a(libc_a-reent.o)
                              C:/ST/STM32CubeIDE_1.13.2/STM32CubeIDE/plugins/com.st.stm32cube.ide.mcu.externaltools.gnu-tools-for-stm32.11.3.rel1.win32_1.1.1.202309131626/tools/bin/../lib/gcc/arm-none-eabi/11.3.1/../../../../arm-none-eabi/lib/thumb/v7e-m+fp/hard\libc_nano.a(libc_a-closer.o) (errno)
C:/ST/STM32CubeIDE_1.13.2/STM32CubeIDE/plugins/com.st.stm32cube.ide.mcu.externaltools.gnu-tools-for-stm32.11.3.rel1.win32_1.1.1.202309131626/tools/bin/../lib/gcc/arm-none-eabi/11.3.1/../../../../arm-none-eabi/lib/thumb/v7e-m+fp/hard\libc_nano.a(libc_a-impure.o)
                              C:/ST/STM32CubeIDE_1.13.2/STM32CubeIDE/plugins/com.st.stm32cube.ide.mcu.externaltools.gnu-tools-for-stm32.11.3.rel1.win32_1.1.1.202309131626/tools/bin/../lib/gcc/arm-none-eabi/11.3.1/../../../../arm-none-eabi/lib/thumb/v7e-m+fp/hard\libc_nano.a(libc_a-reent.o) (_impure_ptr)
C:/ST/STM32CubeIDE_1.13.2/STM32CubeIDE/plugins/com.st.stm32cube.ide.mcu.externaltools.gnu-tools-for-stm32.11.3.rel1.win32_1.1.1.202309131626/tools/bin/../lib/gcc/arm-none-eabi/11.3.1/../../../../arm-none-eabi/lib/thumb/v7e-m+fp/hard\libc_nano.a(libc_a-lseekr.o)
[...]
Memory Configuration

Name             Origin             Length             Attributes
RAM              0x0000000020000000 0x0000000000008000 xrw
FLASH            0x0000000008000000 0x0000000000020000 xr
*default*        0x0000000000000000 0xffffffffffffffff

Linker script and memory map

LOAD C:/ST/STM32CubeIDE_1.13.2/STM32CubeIDE/plugins/com.st.stm32cube.ide.mcu.externaltools.gnu-tools-for-stm32.11.3.rel1.win32_1.1.1.202309131626/tools/bin/../lib/gcc/arm-none-eabi/11.3.1/thumb/v7e-m+fp/hard/crti.o
LOAD C:/ST/STM32CubeIDE_1.13.2/STM32CubeIDE/plugins/com.st.stm32cube.ide.mcu.externaltools.gnu-tools-for-stm32.11.3.rel1.win32_1.1.1.202309131626/tools/bin/../lib/gcc/arm-none-eabi/11.3.1/thumb/v7e-m+fp/hard/crtbegin.o
LOAD C:/ST/STM32CubeIDE_1.13.2/STM32CubeIDE/plugins/com.st.stm32cube.ide.mcu.externaltools.gnu-tools-for-stm32.11.3.rel1.win32_1.1.1.202309131626/tools/bin/../lib/gcc/arm-none-eabi/11.3.1/../../../../arm-none-eabi/lib/thumb/v7e-m+fp/hard/crt0.o
LOAD ./Core/Src/main.o
LOAD ./Core/Src/powerboard_instr.o
LOAD ./Core/Src/stm32f4xx_hal_msp.o
LOAD ./Core/Src/stm32f4xx_it.o
LOAD ./Core/Src/syscalls.o
LOAD ./Core/Src/sysmem.o
LOAD ./Core/Src/system_stm32f4xx.o
LOAD ./Core/Startup/startup_stm32f410rbtx.o
LOAD ./Drivers/STM32F4xx_HAL_Driver/Src/stm32f4xx_hal.o
LOAD ./Drivers/STM32F4xx_HAL_Driver/Src/stm32f4xx_hal_adc.o
LOAD ./Drivers/STM32F4xx_HAL_Driver/Src/stm32f4xx_hal_adc_ex.o
LOAD ./Drivers/STM32F4xx_HAL_Driver/Src/stm32f4xx_hal_cortex.o
LOAD ./Drivers/STM32F4xx_HAL_Driver/Src/stm32f4xx_hal_dma.o
LOAD ./Drivers/STM32F4xx_HAL_Driver/Src/stm32f4xx_hal_dma_ex.o
LOAD ./Drivers/STM32F4xx_HAL_Driver/Src/stm32f4xx_hal_exti.o
LOAD ./Drivers/STM32F4xx_HAL_Driver/Src/stm32f4xx_hal_flash.o
LOAD ./Drivers/STM32F4xx_HAL_Driver/Src/stm32f4xx_hal_flash_ex.o
LOAD ./Drivers/STM32F4xx_HAL_Driver/Src/stm32f4xx_hal_flash_ramfunc.o
LOAD ./Drivers/STM32F4xx_HAL_Driver/Src/stm32f4xx_hal_gpio.o
LOAD ./Drivers/STM32F4xx_HAL_Driver/Src/stm32f4xx_hal_pwr.o
LOAD ./Drivers/STM32F4xx_HAL_Driver/Src/stm32f4xx_hal_pwr_ex.o
LOAD ./Drivers/STM32F4xx_HAL_Driver/Src/stm32f4xx_hal_rcc.o
LOAD ./Drivers/STM32F4xx_HAL_Driver/Src/stm32f4xx_hal_rcc_ex.o
LOAD ./Drivers/STM32F4xx_HAL_Driver/Src/stm32f4xx_hal_tim.o
LOAD ./Drivers/STM32F4xx_HAL_Driver/Src/stm32f4xx_hal_tim_ex.o
LOAD ./Drivers/STM32F4xx_HAL_Driver/Src/stm32f4xx_hal_uart.o
LOAD ./Drivers/STM32F4xx_HAL_Driver/Src/stm32f4xx_ll_adc.o
START GROUP
LOAD C:/ST/STM32CubeIDE_1.13.2/STM32CubeIDE/plugins/com.st.stm32cube.ide.mcu.externaltools.gnu-tools-for-stm32.11.3.rel1.win32_1.1.1.202309131626/tools/bin/../lib/gcc/arm-none-eabi/11.3.1/../../../../arm-none-eabi/lib/thumb/v7e-m+fp/hard\libc_nano.a
LOAD C:/ST/STM32CubeIDE_1.13.2/STM32CubeIDE/plugins/com.st.stm32cube.ide.mcu.externaltools.gnu-tools-for-stm32.11.3.rel1.win32_1.1.1.202309131626/tools/bin/../lib/gcc/arm-none-eabi/11.3.1/../../../../arm-none-eabi/lib/thumb/v7e-m+fp/hard\libm.a
END GROUP
START GROUP
LOAD C:/ST/STM32CubeIDE_1.13.2/STM32CubeIDE/plugins/com.st.stm32cube.ide.mcu.externaltools.gnu-tools-for-stm32.11.3.rel1.win32_1.1.1.202309131626/tools/bin/../lib/gcc/arm-none-eabi/11.3.1/thumb/v7e-m+fp/hard\libgcc.a
LOAD C:/ST/STM32CubeIDE_1.13.2/STM32CubeIDE/plugins/com.st.stm32cube.ide.mcu.externaltools.gnu-tools-for-stm32.11.3.rel1.win32_1.1.1.202309131626/tools/bin/../lib/gcc/arm-none-eabi/11.3.1/../../../../arm-none-eabi/lib/thumb/v7e-m+fp/hard\libc_nano.a
END GROUP
START GROUP
LOAD C:/ST/STM32CubeIDE_1.13.2/STM32CubeIDE/plugins/com.st.stm32cube.ide.mcu.externaltools.gnu-tools-for-stm32.11.3.rel1.win32_1.1.1.202309131626/tools/bin/../lib/gcc/arm-none-eabi/11.3.1/thumb/v7e-m+fp/hard\libgcc.a
LOAD C:/ST/STM32CubeIDE_1.13.2/STM32CubeIDE/plugins/com.st.stm32cube.ide.mcu.externaltools.gnu-tools-for-stm32.11.3.rel1.win32_1.1.1.202309131626/tools/bin/../lib/gcc/arm-none-eabi/11.3.1/../../../../arm-none-eabi/lib/thumb/v7e-m+fp/hard\libc_nano.a
LOAD C:/ST/STM32CubeIDE_1.13.2/STM32CubeIDE/plugins/com.st.stm32cube.ide.mcu.externaltools.gnu-tools-for-stm32.11.3.rel1.win32_1.1.1.202309131626/tools/bin/../lib/gcc/arm-none-eabi/11.3.1/../../../../arm-none-eabi/lib/thumb/v7e-m+fp/hard\libnosys.a
END GROUP
START GROUP
LOAD C:/ST/STM32CubeIDE_1.13.2/STM32CubeIDE/plugins/com.st.stm32cube.ide.mcu.externaltools.gnu-tools-for-stm32.11.3.rel1.win32_1.1.1.202309131626/tools/bin/../lib/gcc/arm-none-eabi/11.3.1/thumb/v7e-m+fp/hard\libgcc.a
LOAD C:/ST/STM32CubeIDE_1.13.2/STM32CubeIDE/plugins/com.st.stm32cube.ide.mcu.externaltools.gnu-tools-for-stm32.11.3.rel1.win32_1.1.1.202309131626/tools/bin/../lib/gcc/arm-none-eabi/11.3.1/../../../../arm-none-eabi/lib/thumb/v7e-m+fp/hard\libc_nano.a
LOAD C:/ST/STM32CubeIDE_1.13.2/STM32CubeIDE/plugins/com.st.stm32cube.ide.mcu.externaltools.gnu-tools-for-stm32.11.3.rel1.win32_1.1.1.202309131626/tools/bin/../lib/gcc/arm-none-eabi/11.3.1/../../../../arm-none-eabi/lib/thumb/v7e-m+fp/hard\libnosys.a
END GROUP
LOAD C:/ST/STM32CubeIDE_1.13.2/STM32CubeIDE/plugins/com.st.stm32cube.ide.mcu.externaltools.gnu-tools-for-stm32.11.3.rel1.win32_1.1.1.202309131626/tools/bin/../lib/gcc/arm-none-eabi/11.3.1/thumb/v7e-m+fp/hard/crtend.o
LOAD C:/ST/STM32CubeIDE_1.13.2/STM32CubeIDE/plugins/com.st.stm32cube.ide.mcu.externaltools.gnu-tools-for-stm32.11.3.rel1.win32_1.1.1.202309131626/tools/bin/../lib/gcc/arm-none-eabi/11.3.1/thumb/v7e-m+fp/hard/crtn.o
                0x0000000020008000                _estack = (ORIGIN (RAM) + LENGTH (RAM))
                0x0000000000000200                _Min_Heap_Size = 0x200
                0x0000000000000400                _Min_Stack_Size = 0x400

.isr_vector     0x0000000008000000      0x1c8
                0x0000000008000000                . = ALIGN (0x4)
 *(.isr_vector)
 .isr_vector    0x0000000008000000      0x1c8 ./Core/Startup/startup_stm32f410rbtx.o
                0x0000000008000000                g_pfnVectors
                0x00000000080001c8                . = ALIGN (0x4)

.text           0x00000000080001c8     0x4324
                0x00000000080001c8                . = ALIGN (0x4)
 *(.text)
 .text          0x00000000080001c8       0x40 C:/ST/STM32CubeIDE_1.13.2/STM32CubeIDE/plugins/com.st.stm32cube.ide.mcu.externaltools.gnu-tools-for-stm32.11.3.rel1.win32_1.1.1.202309131626/tools/bin/../lib/gcc/arm-none-eabi/11.3.1/thumb/v7e-m+fp/hard/crtbegin.o
 .text          0x0000000008000208       0x30 C:/ST/STM32CubeIDE_1.13.2/STM32CubeIDE/plugins/com.st.stm32cube.ide.mcu.externaltools.gnu-tools-for-stm32.11.3.rel1.win32_1.1.1.202309131626/tools/bin/../lib/gcc/arm-none-eabi/11.3.1/thumb/v7e-m+fp/hard\libgcc.a(_aeabi_uldivmod.o)
                0x0000000008000208                __aeabi_uldivmod
 .text          0x0000000008000238      0x2c8 C:/ST/STM32CubeIDE_1.13.2/STM32CubeIDE/plugins/com.st.stm32cube.ide.mcu.externaltools.gnu-tools-for-stm32.11.3.rel1.win32_1.1.1.202309131626/tools/bin/../lib/gcc/arm-none-eabi/11.3.1/thumb/v7e-m+fp/hard\libgcc.a(_udivmoddi4.o)
                0x0000000008000238                __udivmoddi4
 .text          0x0000000008000500        0x4 C:/ST/STM32CubeIDE_1.13.2/STM32CubeIDE/plugins/com.st.stm32cube.ide.mcu.externaltools.gnu-tools-for-stm32.11.3.rel1.win32_1.1.1.202309131626/tools/bin/../lib/gcc/arm-none-eabi/11.3.1/thumb/v7e-m+fp/hard\libgcc.a(_dvmd_tls.o)
                0x0000000008000500                __aeabi_idiv0
                0x0000000008000500                __aeabi_ldiv0
 *(.text*)
 .text.UART_TransmitData
                0x0000000008000504       0x34 ./Core/Src/main.o
                0x0000000008000504                UART_TransmitData
 .text.write_tx_buffer
                0x0000000008000538       0xa0 ./Core/Src/main.o
                0x0000000008000538                write_tx_buffer
 .text.write_rx_buffer
                0x00000000080005d8       0x70 ./Core/Src/main.o
                0x00000000080005d8                write_rx_buffer
 .text.read_tx_buffer
                0x0000000008000648       0x74 ./Core/Src/main.o
                0x0000000008000648                read_tx_buffer
 .text.read_rx_buffer
                0x00000000080006bc       0x50 ./Core/Src/main.o
                0x00000000080006bc                read_rx_buffer
 .text.parse_rx
                0x000000000800070c      0x23e ./Core/Src/main.o
                0x000000000800070c                parse_rx
 *fill*         0x000000000800094a        0x2 
 .text.HAL_UART_RxCpltCallback
                0x000000000800094c       0x54 ./Core/Src/main.o
                0x000000000800094c                HAL_UART_RxCpltCallback
 .text.write_txL_buffer
                0x00000000080009a0       0x34 ./Core/Src/main.o
                0x00000000080009a0                write_txL_buffer
 .text.write_txH_buffer
                0x00000000080009d4       0x28 ./Core/Src/main.o
                0x00000000080009d4                write_txH_buffer
 .text.HAL_GPIO_EXTI_Callback
                0x00000000080009fc       0xcc ./Core/Src/main.o
                0x00000000080009fc                HAL_GPIO_EXTI_Callback
 .text.adc_sel  0x0000000008000ac8       0x48 ./Core/Src/main.o
                0x0000000008000ac8                adc_sel
 .text.adc_reset_conf
                0x0000000008000b10       0x40 ./Core/Src/main.o
                0x0000000008000b10                adc_reset_conf
 .text.adc_read
                0x0000000008000b50       0x24 ./Core/Src/main.o
                0x0000000008000b50                adc_read
 .text.main     0x0000000008000b74       0xd8 ./Core/Src/main.o
                0x0000000008000b74                main
 .text.SystemClock_Config
                0x0000000008000c4c       0xd8 ./Core/Src/main.o
                0x0000000008000c4c                SystemClock_Config
 .text.MX_ADC1_Init
                0x0000000008000d24       0xa8 ./Core/Src/main.o
 .text.MX_USART6_UART_Init
                0x0000000008000dcc       0x64 ./Core/Src/main.o
 .text.MX_GPIO_Init
                0x0000000008000e30      0x1a8 ./Core/Src/main.o
 .text.Error_Handler
                0x0000000008000fd8        0xa ./Core/Src/main.o
                0x0000000008000fd8                Error_Handler
 *fill*         0x0000000008000fe2        0x2 
 .text.pulse_enables_clock
                0x0000000008000fe4       0x24 ./Core/Src/powerboard_instr.o
                0x0000000008000fe4                pulse_enables_clock
 .text.e_parallel_off
                0x0000000008001008       0x18 ./Core/Src/powerboard_instr.o
                0x0000000008001008                e_parallel_off
 .text.e_parallel_on
                0x0000000008001020       0x18 ./Core/Src/powerboard_instr.o
                0x0000000008001020                e_parallel_on
 .text.micropower_off
                0x0000000008001038       0x18 ./Core/Src/powerboard_instr.o
                0x0000000008001038                micropower_off
 .text.micropower_on
                0x0000000008001050       0x18 ./Core/Src/powerboard_instr.o
                0x0000000008001050                micropower_on
 .text.e_vbatt_off
                0x0000000008001068       0x1c ./Core/Src/powerboard_instr.o
                0x0000000008001068                e_vbatt_off
 .text.e_vbatt_on
                0x0000000008001084       0x1c ./Core/Src/powerboard_instr.o
                0x0000000008001084                e_vbatt_on
 .text.e_5v_off
                0x00000000080010a0       0x1c ./Core/Src/powerboard_instr.o
                0x00000000080010a0                e_5v_off
 .text.e_5v_on  0x00000000080010bc       0x1c ./Core/Src/powerboard_instr.o
                0x00000000080010bc                e_5v_on
 .text.e_12v_off
                0x00000000080010d8       0x1c ./Core/Src/powerboard_instr.o
                0x00000000080010d8                e_12v_off
 .text.e_12v_on
                0x00000000080010f4       0x1c ./Core/Src/powerboard_instr.o
                0x00000000080010f4                e_12v_on
 .text.e_16v_off
                0x0000000008001110       0x1c ./Core/Src/powerboard_instr.o
                0x0000000008001110                e_16v_off
 .text.e_16v_on
                0x000000000800112c       0x1c ./Core/Src/powerboard_instr.o
                0x000000000800112c                e_16v_on
 .text.led_red_off
                0x0000000008001148       0x18 ./Core/Src/powerboard_instr.o
                0x0000000008001148                led_red_off
 .text.led_red_on
                0x0000000008001160       0x18 ./Core/Src/powerboard_instr.o
                0x0000000008001160                led_red_on
 .text.led_green_off
                0x0000000008001178       0x18 ./Core/Src/powerboard_instr.o
                0x0000000008001178                led_green_off
 .text.led_green_on
                0x0000000008001190       0x18 ./Core/Src/powerboard_instr.o
                0x0000000008001190                led_green_on
 .text.led_blue_off
                0x00000000080011a8       0x18 ./Core/Src/powerboard_instr.o
                0x00000000080011a8                led_blue_off
 .text.led_blue_on
                0x00000000080011c0       0x18 ./Core/Src/powerboard_instr.o
                0x00000000080011c0                led_blue_on
 .text.set_enables_init
                0x00000000080011d8       0x24 ./Core/Src/powerboard_instr.o
                0x00000000080011d8                set_enables_init
 .text.set_cont_lights
                0x00000000080011fc       0x14 ./Core/Src/powerboard_instr.o
                0x00000000080011fc                set_cont_lights
 .text.r_bat0_1
                0x0000000008001210       0x32 ./Core/Src/powerboard_instr.o
                0x0000000008001210                r_bat0_1
 .text.r_bat0_2
                0x0000000008001242       0x32 ./Core/Src/powerboard_instr.o
                0x0000000008001242                r_bat0_2
 .text.r_bat0_3
                0x0000000008001274       0x32 ./Core/Src/powerboard_instr.o
                0x0000000008001274                r_bat0_3
 .text.r_bat0_4
                0x00000000080012a6       0x32 ./Core/Src/powerboard_instr.o
                0x00000000080012a6                r_bat0_4
 .text.r_bat0_5
                0x00000000080012d8       0x32 ./Core/Src/powerboard_instr.o
                0x00000000080012d8                r_bat0_5
 .text.r_bat0_6
                0x000000000800130a       0x32 ./Core/Src/powerboard_instr.o
                0x000000000800130a                r_bat0_6
 .text.r_bat1_1
                0x000000000800133c       0x32 ./Core/Src/powerboard_instr.o
                0x000000000800133c                r_bat1_1
 .text.r_bat1_2
                0x000000000800136e       0x32 ./Core/Src/powerboard_instr.o
                0x000000000800136e                r_bat1_2
 .text.r_bat1_3
                0x00000000080013a0       0x32 ./Core/Src/powerboard_instr.o
                0x00000000080013a0                r_bat1_3
 .text.r_bat1_4
                0x00000000080013d2       0x32 ./Core/Src/powerboard_instr.o
                0x00000000080013d2                r_bat1_4
 .text.r_bat1_5
                0x0000000008001404       0x32 ./Core/Src/powerboard_instr.o
                0x0000000008001404                r_bat1_5
 .text.r_bat1_6
                0x0000000008001436       0x32 ./Core/Src/powerboard_instr.o
                0x0000000008001436                r_bat1_6
 .text.r_ext_pres
                0x0000000008001468       0x32 ./Core/Src/powerboard_instr.o
                0x0000000008001468                r_ext_pres
 .text.r_water_sense
                0x000000000800149a       0x32 ./Core/Src/powerboard_instr.o
                0x000000000800149a                r_water_sense
 .text.r_reed_det
                0x00000000080014cc       0x30 ./Core/Src/powerboard_instr.o
                0x00000000080014cc                r_reed_det
 .text.r_auxreed1
                0x00000000080014fc       0x2c ./Core/Src/powerboard_instr.o
                0x00000000080014fc                r_auxreed1
 .text.r_auxreed2
                0x0000000008001528       0x2c ./Core/Src/powerboard_instr.o
                0x0000000008001528                r_auxreed2
 .text.r_auxreed3
                0x0000000008001554       0x2c ./Core/Src/powerboard_instr.o
                0x0000000008001554                r_auxreed3
 .text.r_parallel_e
                0x0000000008001580       0x2c ./Core/Src/powerboard_instr.o
                0x0000000008001580                r_parallel_e
 .text.r_micropower
                0x00000000080015ac       0x30 ./Core/Src/powerboard_instr.o
                0x00000000080015ac                r_micropower
 .text.r_vbatt_e
                0x00000000080015dc       0x30 ./Core/Src/powerboard_instr.o
                0x00000000080015dc                r_vbatt_e
 .text.r_5v_e   0x000000000800160c       0x30 ./Core/Src/powerboard_instr.o
                0x000000000800160c                r_5v_e
 .text.r_12v_e  0x000000000800163c       0x30 ./Core/Src/powerboard_instr.o
                0x000000000800163c                r_12v_e
 .text.r_16v_e  0x000000000800166c       0x30 ./Core/Src/powerboard_instr.o
                0x000000000800166c                r_16v_e
 .text.r_red    0x000000000800169c       0x30 ./Core/Src/powerboard_instr.o
                0x000000000800169c                r_red
 .text.r_green  0x00000000080016cc       0x2c ./Core/Src/powerboard_instr.o
                0x00000000080016cc                r_green
 .text.r_blue   0x00000000080016f8       0x2c ./Core/Src/powerboard_instr.o
                0x00000000080016f8                r_blue
 .text.r_all_io
                0x0000000008001724      0x110 ./Core/Src/powerboard_instr.o
                0x0000000008001724                r_all_io
 .text.txL_buffer_full
                0x0000000008001834       0x10 ./Core/Src/powerboard_instr.o
                0x0000000008001834                txL_buffer_full
 .text.rx_buffer_full
                0x0000000008001844       0x10 ./Core/Src/powerboard_instr.o
                0x0000000008001844                rx_buffer_full
 .text.bad_rx_request
                0x0000000008001854       0x10 ./Core/Src/powerboard_instr.o
                0x0000000008001854                bad_rx_request
 .text.HAL_MspInit
                0x0000000008001864       0x50 ./Core/Src/stm32f4xx_hal_msp.o
                0x0000000008001864                HAL_MspInit
 .text.HAL_ADC_MspInit
                0x00000000080018b4       0xc0 ./Core/Src/stm32f4xx_hal_msp.o
                0x00000000080018b4                HAL_ADC_MspInit
 .text.HAL_UART_MspInit
                0x0000000008001974       0xa0 ./Core/Src/stm32f4xx_hal_msp.o
                0x0000000008001974                HAL_UART_MspInit
 .text.NMI_Handler
                0x0000000008001a14        0x6 ./Core/Src/stm32f4xx_it.o
                0x0000000008001a14                NMI_Handler
 .text.HardFault_Handler
                0x0000000008001a1a        0x6 ./Core/Src/stm32f4xx_it.o
                0x0000000008001a1a                HardFault_Handler
 .text.MemManage_Handler
                0x0000000008001a20        0x6 ./Core/Src/stm32f4xx_it.o
                0x0000000008001a20                MemManage_Handler
 .text.BusFault_Handler
                0x0000000008001a26        0x6 ./Core/Src/stm32f4xx_it.o
                0x0000000008001a26                BusFault_Handler
 .text.UsageFault_Handler
                0x0000000008001a2c        0x6 ./Core/Src/stm32f4xx_it.o
                0x0000000008001a2c                UsageFault_Handler
 .text.SVC_Handler
                0x0000000008001a32        0xe ./Core/Src/stm32f4xx_it.o
                0x0000000008001a32                SVC_Handler
 .text.DebugMon_Handler
                0x0000000008001a40        0xe ./Core/Src/stm32f4xx_it.o
                0x0000000008001a40                DebugMon_Handler
 .text.PendSV_Handler
                0x0000000008001a4e        0xe ./Core/Src/stm32f4xx_it.o
                0x0000000008001a4e                PendSV_Handler
 .text.SysTick_Handler
                0x0000000008001a5c        0xc ./Core/Src/stm32f4xx_it.o
                0x0000000008001a5c                SysTick_Handler
 .text.EXTI1_IRQHandler
                0x0000000008001a68        0xe ./Core/Src/stm32f4xx_it.o
                0x0000000008001a68                EXTI1_IRQHandler
 .text.EXTI9_5_IRQHandler
                0x0000000008001a76       0x24 ./Core/Src/stm32f4xx_it.o
                0x0000000008001a76                EXTI9_5_IRQHandler
 .text.EXTI15_10_IRQHandler
                0x0000000008001a9a       0x18 ./Core/Src/stm32f4xx_it.o
                0x0000000008001a9a                EXTI15_10_IRQHandler
 *fill*         0x0000000008001ab2        0x2 
 .text.USART6_IRQHandler
                0x0000000008001ab4       0x14 ./Core/Src/stm32f4xx_it.o
                0x0000000008001ab4                USART6_IRQHandler
 .text.SystemInit
                0x0000000008001ac8       0x24 ./Core/Src/system_stm32f4xx.o
                0x0000000008001ac8                SystemInit
 .text.Reset_Handler
                0x0000000008001aec       0x50 ./Core/Startup/startup_stm32f410rbtx.o
                0x0000000008001aec                Reset_Handler
 .text.Default_Handler
                0x0000000008001b3c        0x2 ./Core/Startup/startup_stm32f410rbtx.o
                0x0000000008001b3c                RTC_Alarm_IRQHandler
                0x0000000008001b3c                EXTI2_IRQHandler
                0x0000000008001b3c                FMPI2C1_EV_IRQHandler
                0x0000000008001b3c                TIM1_CC_IRQHandler
                0x0000000008001b3c                DMA2_Stream5_IRQHandler
                0x0000000008001b3c                DMA1_Stream5_IRQHandler
                0x0000000008001b3c                PVD_IRQHandler
                0x0000000008001b3c                TAMP_STAMP_IRQHandler
                0x0000000008001b3c                EXTI3_IRQHandler
                0x0000000008001b3c                EXTI0_IRQHandler
                0x0000000008001b3c                I2C2_EV_IRQHandler
                0x0000000008001b3c                DMA1_Stream2_IRQHandler
                0x0000000008001b3c                FPU_IRQHandler
                0x0000000008001b3c                DMA2_Stream2_IRQHandler
                0x0000000008001b3c                SPI1_IRQHandler
                0x0000000008001b3c                TIM6_DAC_IRQHandler
                0x0000000008001b3c                TIM1_BRK_TIM9_IRQHandler
                0x0000000008001b3c                DMA2_Stream3_IRQHandler
                0x0000000008001b3c                DMA2_Stream0_IRQHandler
                0x0000000008001b3c                I2C1_EV_IRQHandler
                0x0000000008001b3c                DMA1_Stream6_IRQHandler
                0x0000000008001b3c                DMA1_Stream1_IRQHandler
                0x0000000008001b3c                RCC_IRQHandler
                0x0000000008001b3c                Default_Handler
                0x0000000008001b3c                ADC_IRQHandler
                0x0000000008001b3c                DMA1_Stream7_IRQHandler
                0x0000000008001b3c                SPI5_IRQHandler
                0x0000000008001b3c                TIM5_IRQHandler
                0x0000000008001b3c                DMA2_Stream7_IRQHandler
                0x0000000008001b3c                RTC_WKUP_IRQHandler
                0x0000000008001b3c                SPI2_IRQHandler
                0x0000000008001b3c                DMA1_Stream0_IRQHandler
                0x0000000008001b3c                FMPI2C1_ER_IRQHandler
                0x0000000008001b3c                EXTI4_IRQHandler
                0x0000000008001b3c                RNG_IRQHandler
                0x0000000008001b3c                TIM1_UP_IRQHandler
                0x0000000008001b3c                WWDG_IRQHandler
                0x0000000008001b3c                TIM1_TRG_COM_TIM11_IRQHandler
                0x0000000008001b3c                USART2_IRQHandler
                0x0000000008001b3c                I2C2_ER_IRQHandler
                0x0000000008001b3c                DMA2_Stream1_IRQHandler
                0x0000000008001b3c                FLASH_IRQHandler
                0x0000000008001b3c                DMA2_Stream4_IRQHandler
                0x0000000008001b3c                USART1_IRQHandler
                0x0000000008001b3c                DMA1_Stream4_IRQHandler
                0x0000000008001b3c                I2C1_ER_IRQHandler
                0x0000000008001b3c                LPTIM1_IRQHandler
                0x0000000008001b3c                DMA2_Stream6_IRQHandler
                0x0000000008001b3c                DMA1_Stream3_IRQHandler
 *fill*         0x0000000008001b3e        0x2 
 .text.HAL_Init
                0x0000000008001b40       0x44 ./Drivers/STM32F4xx_HAL_Driver/Src/stm32f4xx_hal.o
                0x0000000008001b40                HAL_Init
 .text.HAL_InitTick
                0x0000000008001b84       0x60 ./Drivers/STM32F4xx_HAL_Driver/Src/stm32f4xx_hal.o
                0x0000000008001b84                HAL_InitTick
 .text.HAL_IncTick
                0x0000000008001be4       0x28 ./Drivers/STM32F4xx_HAL_Driver/Src/stm32f4xx_hal.o
                0x0000000008001be4                HAL_IncTick
 .text.HAL_GetTick
                0x0000000008001c0c       0x18 ./Drivers/STM32F4xx_HAL_Driver/Src/stm32f4xx_hal.o
                0x0000000008001c0c                HAL_GetTick
 .text.HAL_ADC_Init
                0x0000000008001c24       0x86 ./Drivers/STM32F4xx_HAL_Driver/Src/stm32f4xx_hal_adc.o
                0x0000000008001c24                HAL_ADC_Init
 *fill*         0x0000000008001caa        0x2 
 .text.HAL_ADC_Start
                0x0000000008001cac      0x168 ./Drivers/STM32F4xx_HAL_Driver/Src/stm32f4xx_hal_adc.o
                0x0000000008001cac                HAL_ADC_Start
 .text.HAL_ADC_PollForConversion
                0x0000000008001e14      0x116 ./Drivers/STM32F4xx_HAL_Driver/Src/stm32f4xx_hal_adc.o
                0x0000000008001e14                HAL_ADC_PollForConversion
 .text.HAL_ADC_GetValue
                0x0000000008001f2a       0x1a ./Drivers/STM32F4xx_HAL_Driver/Src/stm32f4xx_hal_adc.o
                0x0000000008001f2a                HAL_ADC_GetValue
 .text.HAL_ADC_ConfigChannel
                0x0000000008001f44      0x244 ./Drivers/STM32F4xx_HAL_Driver/Src/stm32f4xx_hal_adc.o
                0x0000000008001f44                HAL_ADC_ConfigChannel
 .text.ADC_Init
                0x0000000008002188      0x1f8 ./Drivers/STM32F4xx_HAL_Driver/Src/stm32f4xx_hal_adc.o
 .text.__NVIC_SetPriorityGrouping
                0x0000000008002380       0x48 ./Drivers/STM32F4xx_HAL_Driver/Src/stm32f4xx_hal_cortex.o
 .text.__NVIC_GetPriorityGrouping
                0x00000000080023c8       0x1c ./Drivers/STM32F4xx_HAL_Driver/Src/stm32f4xx_hal_cortex.o
 .text.__NVIC_EnableIRQ
                0x00000000080023e4       0x3c ./Drivers/STM32F4xx_HAL_Driver/Src/stm32f4xx_hal_cortex.o
 .text.__NVIC_SetPriority
                0x0000000008002420       0x54 ./Drivers/STM32F4xx_HAL_Driver/Src/stm32f4xx_hal_cortex.o
 .text.NVIC_EncodePriority
                0x0000000008002474       0x66 ./Drivers/STM32F4xx_HAL_Driver/Src/stm32f4xx_hal_cortex.o
 *fill*         0x00000000080024da        0x2 
 .text.SysTick_Config
                0x00000000080024dc       0x44 ./Drivers/STM32F4xx_HAL_Driver/Src/stm32f4xx_hal_cortex.o
 .text.HAL_NVIC_SetPriorityGrouping
                0x0000000008002520       0x16 ./Drivers/STM32F4xx_HAL_Driver/Src/stm32f4xx_hal_cortex.o
                0x0000000008002520                HAL_NVIC_SetPriorityGrouping
 .text.HAL_NVIC_SetPriority
                0x0000000008002536       0x38 ./Drivers/STM32F4xx_HAL_Driver/Src/stm32f4xx_hal_cortex.o
                0x0000000008002536                HAL_NVIC_SetPriority
 .text.HAL_NVIC_EnableIRQ
                0x000000000800256e       0x1c ./Drivers/STM32F4xx_HAL_Driver/Src/stm32f4xx_hal_cortex.o
                0x000000000800256e                HAL_NVIC_EnableIRQ
 .text.HAL_SYSTICK_Config
                0x000000000800258a       0x18 ./Drivers/STM32F4xx_HAL_Driver/Src/stm32f4xx_hal_cortex.o
                0x000000000800258a                HAL_SYSTICK_Config
 .text.HAL_DMA_Abort
                0x00000000080025a2       0xe0 ./Drivers/STM32F4xx_HAL_Driver/Src/stm32f4xx_hal_dma.o
                0x00000000080025a2                HAL_DMA_Abort
 .text.HAL_DMA_Abort_IT
                0x0000000008002682       0x44 ./Drivers/STM32F4xx_HAL_Driver/Src/stm32f4xx_hal_dma.o
                0x0000000008002682                HAL_DMA_Abort_IT
 *fill*         0x00000000080026c6        0x2 
 .text.HAL_GPIO_Init
                0x00000000080026c8      0x2e8 ./Drivers/STM32F4xx_HAL_Driver/Src/stm32f4xx_hal_gpio.o
                0x00000000080026c8                HAL_GPIO_Init
 .text.HAL_GPIO_ReadPin
                0x00000000080029b0       0x30 ./Drivers/STM32F4xx_HAL_Driver/Src/stm32f4xx_hal_gpio.o
                0x00000000080029b0                HAL_GPIO_ReadPin
 .text.HAL_GPIO_WritePin
                0x00000000080029e0       0x32 ./Drivers/STM32F4xx_HAL_Driver/Src/stm32f4xx_hal_gpio.o
                0x00000000080029e0                HAL_GPIO_WritePin
 *fill*         0x0000000008002a12        0x2 
 .text.HAL_GPIO_EXTI_IRQHandler
                0x0000000008002a14       0x30 ./Drivers/STM32F4xx_HAL_Driver/Src/stm32f4xx_hal_gpio.o
                0x0000000008002a14                HAL_GPIO_EXTI_IRQHandler
 .text.HAL_RCC_ClockConfig
                0x0000000008002a44      0x1cc ./Drivers/STM32F4xx_HAL_Driver/Src/stm32f4xx_hal_rcc.o
                0x0000000008002a44                HAL_RCC_ClockConfig
 .text.HAL_RCC_GetSysClockFreq
                0x0000000008002c10      0x20c ./Drivers/STM32F4xx_HAL_Driver/Src/stm32f4xx_hal_rcc.o
                0x0000000008002c10                HAL_RCC_GetSysClockFreq
 .text.HAL_RCC_GetHCLKFreq
                0x0000000008002e1c       0x18 ./Drivers/STM32F4xx_HAL_Driver/Src/stm32f4xx_hal_rcc.o
                0x0000000008002e1c                HAL_RCC_GetHCLKFreq
 .text.HAL_RCC_GetPCLK1Freq
                0x0000000008002e34       0x28 ./Drivers/STM32F4xx_HAL_Driver/Src/stm32f4xx_hal_rcc.o
                0x0000000008002e34                HAL_RCC_GetPCLK1Freq
 .text.HAL_RCC_GetPCLK2Freq
                0x0000000008002e5c       0x28 ./Drivers/STM32F4xx_HAL_Driver/Src/stm32f4xx_hal_rcc.o
                0x0000000008002e5c                HAL_RCC_GetPCLK2Freq
 .text.HAL_RCC_OscConfig
                0x0000000008002e84      0x508 ./Drivers/STM32F4xx_HAL_Driver/Src/stm32f4xx_hal_rcc_ex.o
                0x0000000008002e84                HAL_RCC_OscConfig
 .text.HAL_UART_Init
                0x000000000800338c       0x9a ./Drivers/STM32F4xx_HAL_Driver/Src/stm32f4xx_hal_uart.o
                0x000000000800338c                HAL_UART_Init
 .text.HAL_UART_Transmit
                0x0000000008003426      0x124 ./Drivers/STM32F4xx_HAL_Driver/Src/stm32f4xx_hal_uart.o
                0x0000000008003426                HAL_UART_Transmit
 .text.HAL_UART_Receive_IT
                0x000000000800354a       0x60 ./Drivers/STM32F4xx_HAL_Driver/Src/stm32f4xx_hal_uart.o
                0x000000000800354a                HAL_UART_Receive_IT
 *fill*         0x00000000080035aa        0x2 
 .text.HAL_UART_IRQHandler
                0x00000000080035ac      0x51c ./Drivers/STM32F4xx_HAL_Driver/Src/stm32f4xx_hal_uart.o
                0x00000000080035ac                HAL_UART_IRQHandler
 .text.HAL_UART_TxCpltCallback
                0x0000000008003ac8       0x14 ./Drivers/STM32F4xx_HAL_Driver/Src/stm32f4xx_hal_uart.o
                0x0000000008003ac8                HAL_UART_TxCpltCallback
 .text.HAL_UART_ErrorCallback
                0x0000000008003adc       0x14 ./Drivers/STM32F4xx_HAL_Driver/Src/stm32f4xx_hal_uart.o
                0x0000000008003adc                HAL_UART_ErrorCallback
 .text.HAL_UARTEx_RxEventCallback
                0x0000000008003af0       0x18 ./Drivers/STM32F4xx_HAL_Driver/Src/stm32f4xx_hal_uart.o
                0x0000000008003af0                HAL_UARTEx_RxEventCallback
 .text.UART_WaitOnFlagUntilTimeout
                0x0000000008003b08       0xdc ./Drivers/STM32F4xx_HAL_Driver/Src/stm32f4xx_hal_uart.o
 .text.UART_Start_Receive_IT
                0x0000000008003be4       0x7c ./Drivers/STM32F4xx_HAL_Driver/Src/stm32f4xx_hal_uart.o
                0x0000000008003be4                UART_Start_Receive_IT
 .text.UART_EndRxTransfer
                0x0000000008003c60       0xc6 ./Drivers/STM32F4xx_HAL_Driver/Src/stm32f4xx_hal_uart.o
 .text.UART_DMAAbortOnError
                0x0000000008003d26       0x28 ./Drivers/STM32F4xx_HAL_Driver/Src/stm32f4xx_hal_uart.o
 .text.UART_Transmit_IT
                0x0000000008003d4e       0xa0 ./Drivers/STM32F4xx_HAL_Driver/Src/stm32f4xx_hal_uart.o
 .text.UART_EndTransmit_IT
                0x0000000008003dee       0x30 ./Drivers/STM32F4xx_HAL_Driver/Src/stm32f4xx_hal_uart.o
 .text.UART_Receive_IT
                0x0000000008003e1e      0x176 ./Drivers/STM32F4xx_HAL_Driver/Src/stm32f4xx_hal_uart.o
 .text.UART_SetConfig
                0x0000000008003f94      0x4e8 ./Drivers/STM32F4xx_HAL_Driver/Src/stm32f4xx_hal_uart.o
 .text.memset   0x000000000800447c       0x10 C:/ST/STM32CubeIDE_1.13.2/STM32CubeIDE/plugins/com.st.stm32cube.ide.mcu.externaltools.gnu-tools-for-stm32.11.3.rel1.win32_1.1.1.202309131626/tools/bin/../lib/gcc/arm-none-eabi/11.3.1/../../../../arm-none-eabi/lib/thumb/v7e-m+fp/hard\libc_nano.a(libc_a-memset.o)
                0x000000000800447c                memset
 .text.__libc_init_array
                0x000000000800448c       0x48 C:/ST/STM32CubeIDE_1.13.2/STM32CubeIDE/plugins/com.st.stm32cube.ide.mcu.externaltools.gnu-tools-for-stm32.11.3.rel1.win32_1.1.1.202309131626/tools/bin/../lib/gcc/arm-none-eabi/11.3.1/../../../../arm-none-eabi/lib/thumb/v7e-m+fp/hard\libc_nano.a(libc_a-init.o)
                0x000000000800448c                __libc_init_array
 *(.glue_7)
 .glue_7        0x00000000080044d4        0x0 linker stubs
 *(.glue_7t)
 .glue_7t       0x00000000080044d4        0x0 linker stubs
 *(.eh_frame)
 .eh_frame      0x00000000080044d4        0x0 C:/ST/STM32CubeIDE_1.13.2/STM32CubeIDE/plugins/com.st.stm32cube.ide.mcu.externaltools.gnu-tools-for-stm32.11.3.rel1.win32_1.1.1.202309131626/tools/bin/../lib/gcc/arm-none-eabi/11.3.1/thumb/v7e-m+fp/hard/crtbegin.o
 *(.init)
 .init          0x00000000080044d4        0x4 C:/ST/STM32CubeIDE_1.13.2/STM32CubeIDE/plugins/com.st.stm32cube.ide.mcu.externaltools.gnu-tools-for-stm32.11.3.rel1.win32_1.1.1.202309131626/tools/bin/../lib/gcc/arm-none-eabi/11.3.1/thumb/v7e-m+fp/hard/crti.o
                0x00000000080044d4                _init
 .init          0x00000000080044d8        0x8 C:/ST/STM32CubeIDE_1.13.2/STM32CubeIDE/plugins/com.st.stm32cube.ide.mcu.externaltools.gnu-tools-for-stm32.11.3.rel1.win32_1.1.1.202309131626/tools/bin/../lib/gcc/arm-none-eabi/11.3.1/thumb/v7e-m+fp/hard/crtn.o
 *(.fini)
 .fini          0x00000000080044e0        0x4 C:/ST/STM32CubeIDE_1.13.2/STM32CubeIDE/plugins/com.st.stm32cube.ide.mcu.externaltools.gnu-tools-for-stm32.11.3.rel1.win32_1.1.1.202309131626/tools/bin/../lib/gcc/arm-none-eabi/11.3.1/thumb/v7e-m+fp/hard/crti.o
                0x00000000080044e0                _fini
 .fini          0x00000000080044e4        0x8 C:/ST/STM32CubeIDE_1.13.2/STM32CubeIDE/plugins/com.st.stm32cube.ide.mcu.externaltools.gnu-tools-for-stm32.11.3.rel1.win32_1.1.1.202309131626/tools/bin/../lib/gcc/arm-none-eabi/11.3.1/thumb/v7e-m+fp/hard/crtn.o
                0x00000000080044ec                . = ALIGN (0x4)
                0x00000000080044ec                _etext = .

.vfp11_veneer   0x00000000080044ec        0x0
 .vfp11_veneer  0x00000000080044ec        0x0 linker stubs

.v4_bx          0x00000000080044ec        0x0
 .v4_bx         0x00000000080044ec        0x0 linker stubs

.iplt           0x00000000080044ec        0x0
 .iplt          0x00000000080044ec        0x0 C:/ST/STM32CubeIDE_1.13.2/STM32CubeIDE/plugins/com.st.stm32cube.ide.mcu.externaltools.gnu-tools-for-stm32.11.3.rel1.win32_1.1.1.202309131626/tools/bin/../lib/gcc/arm-none-eabi/11.3.1/thumb/v7e-m+fp/hard/crtbegin.o

.rodata         0x00000000080044ec       0x18
                0x00000000080044ec                . = ALIGN (0x4)
 *(.rodata)
 *(.rodata*)
 .rodata.AHBPrescTable
                0x00000000080044ec       0x10 ./Core/Src/system_stm32f4xx.o
                0x00000000080044ec                AHBPrescTable
 .rodata.APBPrescTable
                0x00000000080044fc        0x8 ./Core/Src/system_stm32f4xx.o
                0x00000000080044fc                APBPrescTable
                0x0000000008004504                . = ALIGN (0x4)

.ARM.extab      0x0000000008004504        0x0
                0x0000000008004504                . = ALIGN (0x4)
 *(.ARM.extab* .gnu.linkonce.armextab.*)
                0x0000000008004504                . = ALIGN (0x4)

.ARM            0x0000000008004504        0x8
                0x0000000008004504                . = ALIGN (0x4)
                0x0000000008004504                __exidx_start = .
 *(.ARM.exidx*)
 .ARM.exidx     0x0000000008004504        0x8 C:/ST/STM32CubeIDE_1.13.2/STM32CubeIDE/plugins/com.st.stm32cube.ide.mcu.externaltools.gnu-tools-for-stm32.11.3.rel1.win32_1.1.1.202309131626/tools/bin/../lib/gcc/arm-none-eabi/11.3.1/thumb/v7e-m+fp/hard\libgcc.a(_udivmoddi4.o)
                0x000000000800450c                __exidx_end = .
                0x000000000800450c                . = ALIGN (0x4)

.rel.dyn        0x000000000800450c        0x0
 .rel.iplt      0x000000000800450c        0x0 C:/ST/STM32CubeIDE_1.13.2/STM32CubeIDE/plugins/com.st.stm32cube.ide.mcu.externaltools.gnu-tools-for-stm32.11.3.rel1.win32_1.1.1.202309131626/tools/bin/../lib/gcc/arm-none-eabi/11.3.1/thumb/v7e-m+fp/hard/crtbegin.o

.preinit_array  0x000000000800450c        0x0
                0x000000000800450c                . = ALIGN (0x4)
                0x000000000800450c                PROVIDE (__preinit_array_start = .)
 *(.preinit_array*)
                0x000000000800450c                PROVIDE (__preinit_array_end = .)
                0x000000000800450c                . = ALIGN (0x4)

.init_array     0x000000000800450c        0x4
                0x000000000800450c                . = ALIGN (0x4)
                0x000000000800450c                PROVIDE (__init_array_start = .)
 *(SORT_BY_NAME(.init_array.*))
 *(.init_array*)
 .init_array    0x000000000800450c        0x4 C:/ST/STM32CubeIDE_1.13.2/STM32CubeIDE/plugins/com.st.stm32cube.ide.mcu.externaltools.gnu-tools-for-stm32.11.3.rel1.win32_1.1.1.202309131626/tools/bin/../lib/gcc/arm-none-eabi/11.3.1/thumb/v7e-m+fp/hard/crtbegin.o
                0x0000000008004510                PROVIDE (__init_array_end = .)
                0x0000000008004510                . = ALIGN (0x4)

.fini_array     0x0000000008004510        0x4
                0x0000000008004510                . = ALIGN (0x4)
                [!provide]                        PROVIDE (__fini_array_start = .)
 *(SORT_BY_NAME(.fini_array.*))
 *(.fini_array*)
 .fini_array    0x0000000008004510        0x4 C:/ST/STM32CubeIDE_1.13.2/STM32CubeIDE/plugins/com.st.stm32cube.ide.mcu.externaltools.gnu-tools-for-stm32.11.3.rel1.win32_1.1.1.202309131626/tools/bin/../lib/gcc/arm-none-eabi/11.3.1/thumb/v7e-m+fp/hard/crtbegin.o
                [!provide]                        PROVIDE (__fini_array_end = .)
                0x0000000008004514                . = ALIGN (0x4)
                0x0000000008004514                _sidata = LOADADDR (.data)

.data           0x0000000020000000        0xc load address 0x0000000008004514
                0x0000000020000000                . = ALIGN (0x4)
                0x0000000020000000                _sdata = .
 *(.data)
 *(.data*)
 .data.SystemCoreClock
                0x0000000020000000        0x4 ./Core/Src/system_stm32f4xx.o
                0x0000000020000000                SystemCoreClock
 .data.uwTickPrio
                0x0000000020000004        0x4 ./Drivers/STM32F4xx_HAL_Driver/Src/stm32f4xx_hal.o
                0x0000000020000004                uwTickPrio
 .data.uwTickFreq
                0x0000000020000008        0x1 ./Drivers/STM32F4xx_HAL_Driver/Src/stm32f4xx_hal.o
                0x0000000020000008                uwTickFreq
 *(.RamFunc)
 *(.RamFunc*)
                0x000000002000000c                . = ALIGN (0x4)
 *fill*         0x0000000020000009        0x3 
                0x000000002000000c                _edata = .

.igot.plt       0x000000002000000c        0x0 load address 0x0000000008004520
 .igot.plt      0x000000002000000c        0x0 C:/ST/STM32CubeIDE_1.13.2/STM32CubeIDE/plugins/com.st.stm32cube.ide.mcu.externaltools.gnu-tools-for-stm32.11.3.rel1.win32_1.1.1.202309131626/tools/bin/../lib/gcc/arm-none-eabi/11.3.1/thumb/v7e-m+fp/hard/crtbegin.o
                0x000000002000000c                . = ALIGN (0x4)

.bss            0x000000002000000c     0x18d4 load address 0x0000000008004520
                0x000000002000000c                _sbss = .
                0x000000002000000c                __bss_start__ = _sbss
 *(.bss)
 .bss           0x000000002000000c       0x1c C:/ST/STM32CubeIDE_1.13.2/STM32CubeIDE/plugins/com.st.stm32cube.ide.mcu.externaltools.gnu-tools-for-stm32.11.3.rel1.win32_1.1.1.202309131626/tools/bin/../lib/gcc/arm-none-eabi/11.3.1/thumb/v7e-m+fp/hard/crtbegin.o
 *(.bss*)
 .bss.hadc1     0x0000000020000028       0x48 ./Core/Src/main.o
                0x0000000020000028                hadc1
 .bss.huart6    0x0000000020000070       0x44 ./Core/Src/main.o
                0x0000000020000070                huart6
 .bss.rx_byte_buffer
                0x00000000200000b4        0x1 ./Core/Src/main.o
                0x00000000200000b4                rx_byte_buffer
 *fill*         0x00000000200000b5        0x3 
 .bss.circle_rx_buffer
                0x00000000200000b8      0x800 ./Core/Src/main.o
                0x00000000200000b8                circle_rx_buffer
 .bss.head_rx   0x00000000200008b8        0x4 ./Core/Src/main.o
                0x00000000200008b8                head_rx
 .bss.tail_rx   0x00000000200008bc        0x4 ./Core/Src/main.o
                0x00000000200008bc                tail_rx
 .bss.messages_in_rx
                0x00000000200008c0        0x4 ./Core/Src/main.o
                0x00000000200008c0                messages_in_rx
 .bss.circle_tx_bufferHigh
                0x00000000200008c4      0x800 ./Core/Src/main.o
                0x00000000200008c4                circle_tx_bufferHigh
 .bss.circle_tx_bufferLow
                0x00000000200010c4      0x800 ./Core/Src/main.o
                0x00000000200010c4                circle_tx_bufferLow
 .bss.head_txH  0x00000000200018c4        0x4 ./Core/Src/main.o
                0x00000000200018c4                head_txH
 .bss.tail_txH  0x00000000200018c8        0x4 ./Core/Src/main.o
                0x00000000200018c8                tail_txH
 .bss.head_txL  0x00000000200018cc        0x4 ./Core/Src/main.o
                0x00000000200018cc                head_txL
 .bss.tail_txL  0x00000000200018d0        0x4 ./Core/Src/main.o
                0x00000000200018d0                tail_txL
 .bss.messages_in_txH
                0x00000000200018d4        0x4 ./Core/Src/main.o
                0x00000000200018d4                messages_in_txH
 .bss.messages_in_txL
                0x00000000200018d8        0x4 ./Core/Src/main.o
                0x00000000200018d8                messages_in_txL
 .bss.uwTick    0x00000000200018dc        0x4 ./Drivers/STM32F4xx_HAL_Driver/Src/stm32f4xx_hal.o
                0x00000000200018dc                uwTick
 *(COMMON)
                0x00000000200018e0                . = ALIGN (0x4)
                0x00000000200018e0                _ebss = .
                0x00000000200018e0                __bss_end__ = _ebss

._user_heap_stack
                0x00000000200018e0      0x600 load address 0x0000000008004520
                0x00000000200018e0                . = ALIGN (0x8)
                [!provide]                        PROVIDE (end = .)
                0x00000000200018e0                PROVIDE (_end = .)
                0x0000000020001ae0                . = (. + _Min_Heap_Size)
 *fill*         0x00000000200018e0      0x200 
                0x0000000020001ee0                . = (. + _Min_Stack_Size)
 *fill*         0x0000000020001ae0      0x400 
                0x0000000020001ee0                . = ALIGN (0x8)

/DISCARD/
 libc.a(*)
 libm.a(*)
 libgcc.a(*)

.ARM.attributes
                0x0000000000000000       0x30
 *(.ARM.attributes)
 .ARM.attributes
                0x0000000000000000       0x1e C:/ST/STM32CubeIDE_1.13.2/STM32CubeIDE/plugins/com.st.stm32cube.ide.mcu.externaltools.gnu-tools-for-stm32.11.3.rel1.win32_1.1.1.202309131626/tools/bin/../lib/gcc/arm-none-eabi/11.3.1/thumb/v7e-m+fp/hard/crti.o
 .ARM.attributes
                0x000000000000001e       0x34 C:/ST/STM32CubeIDE_1.13.2/STM32CubeIDE/plugins/com.st.stm32cube.ide.mcu.externaltools.gnu-tools-for-stm32.11.3.rel1.win32_1.1.1.202309131626/tools/bin/../lib/gcc/arm-none-eabi/11.3.1/thumb/v7e-m+fp/hard/crtbegin.o
 .ARM.attributes
                0x0000000000000052       0x34 ./Core/Src/main.o
 .ARM.attributes
                0x0000000000000086       0x34 ./Core/Src/powerboard_instr.o
 .ARM.attributes
                0x00000000000000ba       0x34 ./Core/Src/stm32f4xx_hal_msp.o
 .ARM.attributes
                0x00000000000000ee       0x34 ./Core/Src/stm32f4xx_it.o
 .ARM.attributes
                0x0000000000000122       0x34 ./Core/Src/system_stm32f4xx.o
 .ARM.attributes
                0x0000000000000156       0x21 ./Core/Startup/startup_stm32f410rbtx.o
 .ARM.attributes
                0x0000000000000177       0x34 ./Drivers/STM32F4xx_HAL_Driver/Src/stm32f4xx_hal.o
 .ARM.attributes
                0x00000000000001ab       0x34 ./Drivers/STM32F4xx_HAL_Driver/Src/stm32f4xx_hal_adc.o
 .ARM.attributes
                0x00000000000001df       0x34 ./Drivers/STM32F4xx_HAL_Driver/Src/stm32f4xx_hal_cortex.o
 .ARM.attributes
                0x0000000000000213       0x34 ./Drivers/STM32F4xx_HAL_Driver/Src/stm32f4xx_hal_dma.o
 .ARM.attributes
                0x0000000000000247       0x34 ./Drivers/STM32F4xx_HAL_Driver/Src/stm32f4xx_hal_gpio.o
 .ARM.attributes
                0x000000000000027b       0x34 ./Drivers/STM32F4xx_HAL_Driver/Src/stm32f4xx_hal_rcc.o
 .ARM.attributes
                0x00000000000002af       0x34 ./Drivers/STM32F4xx_HAL_Driver/Src/stm32f4xx_hal_rcc_ex.o
 .ARM.attributes
                0x00000000000002e3       0x34 ./Drivers/STM32F4xx_HAL_Driver/Src/stm32f4xx_hal_uart.o
 .ARM.attributes
                0x0000000000000317       0x34 C:/ST/STM32CubeIDE_1.13.2/STM32CubeIDE/plugins/com.st.stm32cube.ide.mcu.externaltools.gnu-tools-for-stm32.11.3.rel1.win32_1.1.1.202309131626/tools/bin/../lib/gcc/arm-none-eabi/11.3.1/../../../../arm-none-eabi/lib/thumb/v7e-m+fp/hard\libc_nano.a(libc_a-memset.o)
 .ARM.attributes
                0x000000000000034b       0x34 C:/ST/STM32CubeIDE_1.13.2/STM32CubeIDE/plugins/com.st.stm32cube.ide.mcu.externaltools.gnu-tools-for-stm32.11.3.rel1.win32_1.1.1.202309131626/tools/bin/../lib/gcc/arm-none-eabi/11.3.1/../../../../arm-none-eabi/lib/thumb/v7e-m+fp/hard\libc_nano.a(libc_a-init.o)
 .ARM.attributes
                0x000000000000037f       0x1e C:/ST/STM32CubeIDE_1.13.2/STM32CubeIDE/plugins/com.st.stm32cube.ide.mcu.externaltools.gnu-tools-for-stm32.11.3.rel1.win32_1.1.1.202309131626/tools/bin/../lib/gcc/arm-none-eabi/11.3.1/thumb/v7e-m+fp/hard\libgcc.a(_aeabi_uldivmod.o)
 .ARM.attributes
                0x000000000000039d       0x34 C:/ST/STM32CubeIDE_1.13.2/STM32CubeIDE/plugins/com.st.stm32cube.ide.mcu.externaltools.gnu-tools-for-stm32.11.3.rel1.win32_1.1.1.202309131626/tools/bin/../lib/gcc/arm-none-eabi/11.3.1/thumb/v7e-m+fp/hard\libgcc.a(_udivmoddi4.o)
 .ARM.attributes
                0x00000000000003d1       0x1e C:/ST/STM32CubeIDE_1.13.2/STM32CubeIDE/plugins/com.st.stm32cube.ide.mcu.externaltools.gnu-tools-for-stm32.11.3.rel1.win32_1.1.1.202309131626/tools/bin/../lib/gcc/arm-none-eabi/11.3.1/thumb/v7e-m+fp/hard\libgcc.a(_dvmd_tls.o)
 .ARM.attributes
                0x00000000000003ef       0x1e C:/ST/STM32CubeIDE_1.13.2/STM32CubeIDE/plugins/com.st.stm32cube.ide.mcu.externaltools.gnu-tools-for-stm32.11.3.rel1.win32_1.1.1.202309131626/tools/bin/../lib/gcc/arm-none-eabi/11.3.1/thumb/v7e-m+fp/hard/crtn.o
OUTPUT(F410PowerBoard.elf elf32-littlearm)
LOAD linker stubs
LOAD C:/ST/STM32CubeIDE_1.13.2/STM32CubeIDE/plugins/com.st.stm32cube.ide.mcu.externaltools.gnu-tools-for-stm32.11.3.rel1.win32_1.1.1.202309131626/tools/bin/../lib/gcc/arm-none-eabi/11.3.1/../../../../arm-none-eabi/lib/thumb/v7e-m+fp/hard\libc.a
LOAD C:/ST/STM32CubeIDE_1.13.2/STM32CubeIDE/plugins/com.st.stm32cube.ide.mcu.externaltools.gnu-tools-for-stm32.11.3.rel1.win32_1.1.1.202309131626/tools/bin/../lib/gcc/arm-none-eabi/11.3.1/../../../../arm-none-eabi/lib/thumb/v7e-m+fp/hard\libm.a
LOAD C:/ST/STM32CubeIDE_1.13.2/STM32CubeIDE/plugins/com.st.stm32cube.ide.mcu.externaltools.gnu-tools-for-stm32.11.3.rel1.win32_1.1.1.202309131626/tools/bin/../lib/gcc/arm-none-eabi/11.3.1/thumb/v7e-m+fp/hard\libgcc.a

.comment        0x0000000000000000       0x43
 .comment       0x0000000000000000       0x43 C:/ST/STM32CubeIDE_1.13.2/STM32CubeIDE/plugins/com.st.stm32cube.ide.mcu.externaltools.gnu-tools-for-stm32.11.3.rel1.win32_1.1.1.202309131626/tools/bin/../lib/gcc/arm-none-eabi/11.3.1/thumb/v7e-m+fp/hard/crtbegin.o
                                         0x44 (size before relaxing)
 .comment       0x0000000000000043       0x44 ./Core/Src/main.o
 .comment       0x0000000000000043       0x44 ./Core/Src/powerboard_instr.o
 .comment       0x0000000000000043       0x44 ./Core/Src/stm32f4xx_hal_msp.o
 .comment       0x0000000000000043       0x44 ./Core/Src/stm32f4xx_it.o
 .comment       0x0000000000000043       0x44 ./Core/Src/system_stm32f4xx.o
 .comment       0x0000000000000043       0x44 ./Drivers/STM32F4xx_HAL_Driver/Src/stm32f4xx_hal.o
 .comment       0x0000000000000043       0x44 ./Drivers/STM32F4xx_HAL_Driver/Src/stm32f4xx_hal_adc.o
 .comment       0x0000000000000043       0x44 ./Drivers/STM32F4xx_HAL_Driver/Src/stm32f4xx_hal_cortex.o
 .comment       0x0000000000000043       0x44 ./Drivers/STM32F4xx_HAL_Driver/Src/stm32f4xx_hal_dma.o
 .comment       0x0000000000000043       0x44 ./Drivers/STM32F4xx_HAL_Driver/Src/stm32f4xx_hal_gpio.o
 .comment       0x0000000000000043       0x44 ./Drivers/STM32F4xx_HAL_Driver/Src/stm32f4xx_hal_rcc.o
 .comment       0x0000000000000043       0x44 ./Drivers/STM32F4xx_HAL_Driver/Src/stm32f4xx_hal_rcc_ex.o
 .comment       0x0000000000000043       0x44 ./Drivers/STM32F4xx_HAL_Driver/Src/stm32f4xx_hal_uart.o

.debug_info     0x0000000000000000     0xa5a8
 .debug_info    0x0000000000000000     0x1628 ./Core/Src/main.o
 .debug_info    0x0000000000001628      0x651 ./Core/Src/powerboard_instr.o
 .debug_info    0x0000000000001c79      0xd9d ./Core/Src/stm32f4xx_hal_msp.o
 .debug_info    0x0000000000002a16      0x664 ./Core/Src/stm32f4xx_it.o
 .debug_info    0x000000000000307a      0x4f8 ./Core/Src/system_stm32f4xx.o
 .debug_info    0x0000000000003572       0x23 ./Core/Startup/startup_stm32f410rbtx.o
 .debug_info    0x0000000000003595      0x872 ./Drivers/STM32F4xx_HAL_Driver/Src/stm32f4xx_hal.o
 .debug_info    0x0000000000003e07      0xcd1 ./Drivers/STM32F4xx_HAL_Driver/Src/stm32f4xx_hal_adc.o
 .debug_info    0x0000000000004ad8      0xc98 ./Drivers/STM32F4xx_HAL_Driver/Src/stm32f4xx_hal_cortex.o
 .debug_info    0x0000000000005770      0x8e6 ./Drivers/STM32F4xx_HAL_Driver/Src/stm32f4xx_hal_dma.o
 .debug_info    0x0000000000006056      0x6c5 ./Drivers/STM32F4xx_HAL_Driver/Src/stm32f4xx_hal_gpio.o
 .debug_info    0x000000000000671b      0x8a9 ./Drivers/STM32F4xx_HAL_Driver/Src/stm32f4xx_hal_rcc.o
 .debug_info    0x0000000000006fc4      0x625 ./Drivers/STM32F4xx_HAL_Driver/Src/stm32f4xx_hal_rcc_ex.o
 .debug_info    0x00000000000075e9     0x2fbf ./Drivers/STM32F4xx_HAL_Driver/Src/stm32f4xx_hal_uart.o

.debug_abbrev   0x0000000000000000     0x1c99
 .debug_abbrev  0x0000000000000000      0x360 ./Core/Src/main.o
 .debug_abbrev  0x0000000000000360      0x17f ./Core/Src/powerboard_instr.o
 .debug_abbrev  0x00000000000004df      0x1cb ./Core/Src/stm32f4xx_hal_msp.o
 .debug_abbrev  0x00000000000006aa      0x197 ./Core/Src/stm32f4xx_it.o
 .debug_abbrev  0x0000000000000841      0x11a ./Core/Src/system_stm32f4xx.o
 .debug_abbrev  0x000000000000095b       0x12 ./Core/Startup/startup_stm32f410rbtx.o
 .debug_abbrev  0x000000000000096d      0x247 ./Drivers/STM32F4xx_HAL_Driver/Src/stm32f4xx_hal.o
 .debug_abbrev  0x0000000000000bb4      0x20e ./Drivers/STM32F4xx_HAL_Driver/Src/stm32f4xx_hal_adc.o
 .debug_abbrev  0x0000000000000dc2      0x327 ./Drivers/STM32F4xx_HAL_Driver/Src/stm32f4xx_hal_cortex.o
 .debug_abbrev  0x00000000000010e9      0x221 ./Drivers/STM32F4xx_HAL_Driver/Src/stm32f4xx_hal_dma.o
 .debug_abbrev  0x000000000000130a      0x1d6 ./Drivers/STM32F4xx_HAL_Driver/Src/stm32f4xx_hal_gpio.o
 .debug_abbrev  0x00000000000014e0      0x2b6 ./Drivers/STM32F4xx_HAL_Driver/Src/stm32f4xx_hal_rcc.o
 .debug_abbrev  0x0000000000001796      0x1e8 ./Drivers/STM32F4xx_HAL_Driver/Src/stm32f4xx_hal_rcc_ex.o
 .debug_abbrev  0x000000000000197e      0x31b ./Drivers/STM32F4xx_HAL_Driver/Src/stm32f4xx_hal_uart.o

.debug_aranges  0x0000000000000000      0xa30
 .debug_aranges
                0x0000000000000000       0xb8 ./Core/Src/main.o
 .debug_aranges
                0x00000000000000b8      0x1b8 ./Core/Src/powerboard_instr.o
 .debug_aranges
                0x0000000000000270       0x40 ./Core/Src/stm32f4xx_hal_msp.o
 .debug_aranges
                0x00000000000002b0       0x80 ./Core/Src/stm32f4xx_it.o
 .debug_aranges
                0x0000000000000330       0x28 ./Core/Src/system_stm32f4xx.o
 .debug_aranges
                0x0000000000000358       0x28 ./Core/Startup/startup_stm32f410rbtx.o
 .debug_aranges
                0x0000000000000380       0xf0 ./Drivers/STM32F4xx_HAL_Driver/Src/stm32f4xx_hal.o
 .debug_aranges
                0x0000000000000470       0xe8 ./Drivers/STM32F4xx_HAL_Driver/Src/stm32f4xx_hal_adc.o
 .debug_aranges
                0x0000000000000558      0x118 ./Drivers/STM32F4xx_HAL_Driver/Src/stm32f4xx_hal_cortex.o
 .debug_aranges
                0x0000000000000670       0x90 ./Drivers/STM32F4xx_HAL_Driver/Src/stm32f4xx_hal_dma.o
 .debug_aranges
                0x0000000000000700       0x58 ./Drivers/STM32F4xx_HAL_Driver/Src/stm32f4xx_hal_gpio.o
 .debug_aranges
                0x0000000000000758       0x88 ./Drivers/STM32F4xx_HAL_Driver/Src/stm32f4xx_hal_rcc.o
 .debug_aranges
                0x00000000000007e0       0x50 ./Drivers/STM32F4xx_HAL_Driver/Src/stm32f4xx_hal_rcc_ex.o
 .debug_aranges
                0x0000000000000830      0x200 ./Drivers/STM32F4xx_HAL_Driver/Src/stm32f4xx_hal_uart.o

.debug_rnglists
                0x0000000000000000      0x7c7
 .debug_rnglists
                0x0000000000000000       0x8c ./Core/Src/main.o
 .debug_rnglists
                0x000000000000008c      0x146 ./Core/Src/powerboard_instr.o
 .debug_rnglists
                0x00000000000001d2       0x2d ./Core/Src/stm32f4xx_hal_msp.o
 .debug_rnglists
                0x00000000000001ff       0x5b ./Core/Src/stm32f4xx_it.o
 .debug_rnglists
                0x000000000000025a       0x1a ./Core/Src/system_stm32f4xx.o
 .debug_rnglists
                0x0000000000000274       0x19 ./Core/Startup/startup_stm32f410rbtx.o
 .debug_rnglists
                0x000000000000028d       0xaf ./Drivers/STM32F4xx_HAL_Driver/Src/stm32f4xx_hal.o
 .debug_rnglists
                0x000000000000033c       0xb5 ./Drivers/STM32F4xx_HAL_Driver/Src/stm32f4xx_hal_adc.o
 .debug_rnglists
                0x00000000000003f1       0xce ./Drivers/STM32F4xx_HAL_Driver/Src/stm32f4xx_hal_cortex.o
 .debug_rnglists
                0x00000000000004bf       0x70 ./Drivers/STM32F4xx_HAL_Driver/Src/stm32f4xx_hal_dma.o
 .debug_rnglists
                0x000000000000052f       0x3f ./Drivers/STM32F4xx_HAL_Driver/Src/stm32f4xx_hal_gpio.o
 .debug_rnglists
                0x000000000000056e       0x66 ./Drivers/STM32F4xx_HAL_Driver/Src/stm32f4xx_hal_rcc.o
 .debug_rnglists
                0x00000000000005d4       0x3c ./Drivers/STM32F4xx_HAL_Driver/Src/stm32f4xx_hal_rcc_ex.o
 .debug_rnglists
                0x0000000000000610      0x1b7 ./Drivers/STM32F4xx_HAL_Driver/Src/stm32f4xx_hal_uart.o

.debug_macro    0x0000000000000000    0x15137
 .debug_macro   0x0000000000000000      0x2d1 ./Core/Src/main.o
 .debug_macro   0x00000000000002d1      0xaa8 ./Core/Src/main.o
 .debug_macro   0x0000000000000d79      0x29b ./Core/Src/main.o
 .debug_macro   0x0000000000001014       0x2e ./Core/Src/main.o
 .debug_macro   0x0000000000001042       0x28 ./Core/Src/main.o
 .debug_macro   0x000000000000106a       0x22 ./Core/Src/main.o
 .debug_macro   0x000000000000108c       0x8e ./Core/Src/main.o
 .debug_macro   0x000000000000111a       0x51 ./Core/Src/main.o
 .debug_macro   0x000000000000116b      0x103 ./Core/Src/main.o
 .debug_macro   0x000000000000126e       0x6a ./Core/Src/main.o
 .debug_macro   0x00000000000012d8      0x1df ./Core/Src/main.o
 .debug_macro   0x00000000000014b7       0x1c ./Core/Src/main.o
 .debug_macro   0x00000000000014d3       0x22 ./Core/Src/main.o
 .debug_macro   0x00000000000014f5       0xd9 ./Core/Src/main.o
 .debug_macro   0x00000000000015ce     0x102d ./Core/Src/main.o
 .debug_macro   0x00000000000025fb      0x11f ./Core/Src/main.o
 .debug_macro   0x000000000000271a     0x9ca4 ./Core/Src/main.o
 .debug_macro   0x000000000000c3be       0x6d ./Core/Src/main.o
 .debug_macro   0x000000000000c42b     0x367e ./Core/Src/main.o
 .debug_macro   0x000000000000faa9      0x174 ./Core/Src/main.o
 .debug_macro   0x000000000000fc1d       0x5c ./Core/Src/main.o
 .debug_macro   0x000000000000fc79      0x39f ./Core/Src/main.o
 .debug_macro   0x0000000000010018      0x9fe ./Core/Src/main.o
 .debug_macro   0x0000000000010a16      0x115 ./Core/Src/main.o
 .debug_macro   0x0000000000010b2b       0xc0 ./Core/Src/main.o
 .debug_macro   0x0000000000010beb       0xa5 ./Core/Src/main.o
 .debug_macro   0x0000000000010c90      0x157 ./Core/Src/main.o
 .debug_macro   0x0000000000010de7      0x287 ./Core/Src/main.o
 .debug_macro   0x000000000001106e       0x5f ./Core/Src/main.o
 .debug_macro   0x00000000000110cd      0x236 ./Core/Src/main.o
 .debug_macro   0x0000000000011303      0x9e1 ./Core/Src/main.o
 .debug_macro   0x0000000000011ce4      0x38b ./Core/Src/main.o
 .debug_macro   0x000000000001206f      0x176 ./Core/Src/main.o
 .debug_macro   0x00000000000121e5       0xf9 ./Core/Src/main.o
 .debug_macro   0x00000000000122de      0x132 ./Core/Src/main.o
 .debug_macro   0x0000000000012410      0x225 ./Core/Src/main.o
 .debug_macro   0x0000000000012635       0x2e ./Core/Src/main.o
 .debug_macro   0x0000000000012663      0x11a ./Core/Src/main.o
 .debug_macro   0x000000000001277d       0x91 ./Core/Src/main.o
 .debug_macro   0x000000000001280e       0x89 ./Core/Src/main.o
 .debug_macro   0x0000000000012897      0x295 ./Core/Src/main.o
 .debug_macro   0x0000000000012b2c      0x134 ./Core/Src/main.o
 .debug_macro   0x0000000000012c60       0x3a ./Core/Src/main.o
 .debug_macro   0x0000000000012c9a       0x61 ./Core/Src/main.o
 .debug_macro   0x0000000000012cfb       0x2a ./Core/Src/main.o
 .debug_macro   0x0000000000012d25       0x43 ./Core/Src/main.o
 .debug_macro   0x0000000000012d68       0x34 ./Core/Src/main.o
 .debug_macro   0x0000000000012d9c       0x16 ./Core/Src/main.o
 .debug_macro   0x0000000000012db2       0x43 ./Core/Src/main.o
 .debug_macro   0x0000000000012df5       0x34 ./Core/Src/main.o
 .debug_macro   0x0000000000012e29       0x10 ./Core/Src/main.o
 .debug_macro   0x0000000000012e39       0x58 ./Core/Src/main.o
 .debug_macro   0x0000000000012e91       0x8e ./Core/Src/main.o
 .debug_macro   0x0000000000012f1f       0x1c ./Core/Src/main.o
 .debug_macro   0x0000000000012f3b      0x177 ./Core/Src/main.o
 .debug_macro   0x00000000000130b2      0x369 ./Core/Src/main.o
 .debug_macro   0x000000000001341b       0x10 ./Core/Src/main.o
 .debug_macro   0x000000000001342b       0x35 ./Core/Src/main.o
 .debug_macro   0x0000000000013460       0x20 ./Core/Src/main.o
 .debug_macro   0x0000000000013480      0x204 ./Core/Src/main.o
 .debug_macro   0x0000000000013684       0xdc ./Core/Src/main.o
 .debug_macro   0x0000000000013760      0x2cb ./Core/Src/powerboard_instr.o
 .debug_macro   0x0000000000013a2b       0x5b ./Core/Src/powerboard_instr.o
 .debug_macro   0x0000000000013a86       0x94 ./Core/Src/powerboard_instr.o
 .debug_macro   0x0000000000013b1a       0x57 ./Core/Src/powerboard_instr.o
 .debug_macro   0x0000000000013b71       0x56 ./Core/Src/powerboard_instr.o
 .debug_macro   0x0000000000013bc7      0x1f1 ./Core/Src/stm32f4xx_hal_msp.o
 .debug_macro   0x0000000000013db8      0x1fb ./Core/Src/stm32f4xx_it.o
 .debug_macro   0x0000000000013fb3      0x1e2 ./Core/Src/system_stm32f4xx.o
 .debug_macro   0x0000000000014195      0x242 ./Drivers/STM32F4xx_HAL_Driver/Src/stm32f4xx_hal.o
 .debug_macro   0x00000000000143d7      0x1e3 ./Drivers/STM32F4xx_HAL_Driver/Src/stm32f4xx_hal_adc.o
 .debug_macro   0x00000000000145ba      0x1e2 ./Drivers/STM32F4xx_HAL_Driver/Src/stm32f4xx_hal_cortex.o
 .debug_macro   0x000000000001479c      0x1e8 ./Drivers/STM32F4xx_HAL_Driver/Src/stm32f4xx_hal_dma.o
 .debug_macro   0x0000000000014984      0x1e8 ./Drivers/STM32F4xx_HAL_Driver/Src/stm32f4xx_hal_gpio.o
 .debug_macro   0x0000000000014b6c      0x206 ./Drivers/STM32F4xx_HAL_Driver/Src/stm32f4xx_hal_rcc.o
 .debug_macro   0x0000000000014d72      0x1e2 ./Drivers/STM32F4xx_HAL_Driver/Src/stm32f4xx_hal_rcc_ex.o
 .debug_macro   0x0000000000014f54      0x1e3 ./Drivers/STM32F4xx_HAL_Driver/Src/stm32f4xx_hal_uart.o

.debug_line     0x0000000000000000     0xc20a
 .debug_line    0x0000000000000000      0xf85 ./Core/Src/main.o
 .debug_line    0x0000000000000f85      0xf8a ./Core/Src/powerboard_instr.o
 .debug_line    0x0000000000001f0f      0x805 ./Core/Src/stm32f4xx_hal_msp.o
 .debug_line    0x0000000000002714      0x883 ./Core/Src/stm32f4xx_it.o
 .debug_line    0x0000000000002f97      0x7de ./Core/Src/system_stm32f4xx.o
 .debug_line    0x0000000000003775       0x7a ./Core/Startup/startup_stm32f410rbtx.o
 .debug_line    0x00000000000037ef      0xa42 ./Drivers/STM32F4xx_HAL_Driver/Src/stm32f4xx_hal.o
 .debug_line    0x0000000000004231     0x11e2 ./Drivers/STM32F4xx_HAL_Driver/Src/stm32f4xx_hal_adc.o
 .debug_line    0x0000000000005413      0xcf3 ./Drivers/STM32F4xx_HAL_Driver/Src/stm32f4xx_hal_cortex.o
 .debug_line    0x0000000000006106      0xfa8 ./Drivers/STM32F4xx_HAL_Driver/Src/stm32f4xx_hal_dma.o
 .debug_line    0x00000000000070ae      0xb54 ./Drivers/STM32F4xx_HAL_Driver/Src/stm32f4xx_hal_gpio.o
 .debug_line    0x0000000000007c02      0xdcb ./Drivers/STM32F4xx_HAL_Driver/Src/stm32f4xx_hal_rcc.o
 .debug_line    0x00000000000089cd      0xd57 ./Drivers/STM32F4xx_HAL_Driver/Src/stm32f4xx_hal_rcc_ex.o
 .debug_line    0x0000000000009724     0x2ae6 ./Drivers/STM32F4xx_HAL_Driver/Src/stm32f4xx_hal_uart.o

.debug_str      0x0000000000000000    0x8288d
 .debug_str     0x0000000000000000    0x80c43 ./Core/Src/main.o
                                      0x80fc1 (size before relaxing)
 .debug_str     0x0000000000080c43       0x4d ./Core/Src/powerboard_instr.o
                                      0x80112 (size before relaxing)
 .debug_str     0x0000000000080c90       0xb8 ./Core/Src/stm32f4xx_hal_msp.o
                                      0x7cfab (size before relaxing)
 .debug_str     0x0000000000080d48      0x141 ./Core/Src/stm32f4xx_it.o
                                      0x7c9c1 (size before relaxing)
 .debug_str     0x0000000000080e89       0xdb ./Core/Src/system_stm32f4xx.o
                                      0x7c564 (size before relaxing)
 .debug_str     0x0000000000080f64       0x34 ./Core/Startup/startup_stm32f410rbtx.o
                                         0x76 (size before relaxing)
 .debug_str     0x0000000000080f98      0x5fa ./Drivers/STM32F4xx_HAL_Driver/Src/stm32f4xx_hal.o
                                      0x7cf5a (size before relaxing)
 .debug_str     0x0000000000081592      0x297 ./Drivers/STM32F4xx_HAL_Driver/Src/stm32f4xx_hal_adc.o
                                      0x7cb6e (size before relaxing)
 .debug_str     0x0000000000081829      0x326 ./Drivers/STM32F4xx_HAL_Driver/Src/stm32f4xx_hal_cortex.o
                                      0x7ccaa (size before relaxing)
 .debug_str     0x0000000000081b4f      0x304 ./Drivers/STM32F4xx_HAL_Driver/Src/stm32f4xx_hal_dma.o
                                      0x7c99b (size before relaxing)
 .debug_str     0x0000000000081e53       0xd7 ./Drivers/STM32F4xx_HAL_Driver/Src/stm32f4xx_hal_gpio.o
                                      0x7c6e5 (size before relaxing)
 .debug_str     0x0000000000081f2a      0x233 ./Drivers/STM32F4xx_HAL_Driver/Src/stm32f4xx_hal_rcc.o
                                      0x7c99d (size before relaxing)
 .debug_str     0x000000000008215d      0x17f ./Drivers/STM32F4xx_HAL_Driver/Src/stm32f4xx_hal_rcc_ex.o
                                      0x7c7b0 (size before relaxing)
 .debug_str     0x00000000000822dc      0x5b1 ./Drivers/STM32F4xx_HAL_Driver/Src/stm32f4xx_hal_uart.o
                                      0x7cf54 (size before relaxing)

.debug_frame    0x0000000000000000     0x2828
 .debug_frame   0x0000000000000000      0x2d4 ./Core/Src/main.o
 .debug_frame   0x00000000000002d4      0x634 ./Core/Src/powerboard_instr.o
 .debug_frame   0x0000000000000908       0xc4 ./Core/Src/stm32f4xx_hal_msp.o
 .debug_frame   0x00000000000009cc      0x174 ./Core/Src/stm32f4xx_it.o
 .debug_frame   0x0000000000000b40       0x58 ./Core/Src/system_stm32f4xx.o
 .debug_frame   0x0000000000000b98      0x374 ./Drivers/STM32F4xx_HAL_Driver/Src/stm32f4xx_hal.o
 .debug_frame   0x0000000000000f0c      0x3fc ./Drivers/STM32F4xx_HAL_Driver/Src/stm32f4xx_hal_adc.o
 .debug_frame   0x0000000000001308      0x498 ./Drivers/STM32F4xx_HAL_Driver/Src/stm32f4xx_hal_cortex.o
 .debug_frame   0x00000000000017a0      0x250 ./Drivers/STM32F4xx_HAL_Driver/Src/stm32f4xx_hal_dma.o
 .debug_frame   0x00000000000019f0      0x14c ./Drivers/STM32F4xx_HAL_Driver/Src/stm32f4xx_hal_gpio.o
 .debug_frame   0x0000000000001b3c      0x1f4 ./Drivers/STM32F4xx_HAL_Driver/Src/stm32f4xx_hal_rcc.o
 .debug_frame   0x0000000000001d30      0x120 ./Drivers/STM32F4xx_HAL_Driver/Src/stm32f4xx_hal_rcc_ex.o
 .debug_frame   0x0000000000001e50      0x92c ./Drivers/STM32F4xx_HAL_Driver/Src/stm32f4xx_hal_uart.o
 .debug_frame   0x000000000000277c       0x20 C:/ST/STM32CubeIDE_1.13.2/STM32CubeIDE/plugins/com.st.stm32cube.ide.mcu.externaltools.gnu-tools-for-stm32.11.3.rel1.win32_1.1.1.202309131626/tools/bin/../lib/gcc/arm-none-eabi/11.3.1/../../../../arm-none-eabi/lib/thumb/v7e-m+fp/hard\libc_nano.a(libc_a-memset.o)
 .debug_frame   0x000000000000279c       0x2c C:/ST/STM32CubeIDE_1.13.2/STM32CubeIDE/plugins/com.st.stm32cube.ide.mcu.externaltools.gnu-tools-for-stm32.11.3.rel1.win32_1.1.1.202309131626/tools/bin/../lib/gcc/arm-none-eabi/11.3.1/../../../../arm-none-eabi/lib/thumb/v7e-m+fp/hard\libc_nano.a(libc_a-init.o)
 .debug_frame   0x00000000000027c8       0x2c C:/ST/STM32CubeIDE_1.13.2/STM32CubeIDE/plugins/com.st.stm32cube.ide.mcu.externaltools.gnu-tools-for-stm32.11.3.rel1.win32_1.1.1.202309131626/tools/bin/../lib/gcc/arm-none-eabi/11.3.1/thumb/v7e-m+fp/hard\libgcc.a(_aeabi_uldivmod.o)
 .debug_frame   0x00000000000027f4       0x34 C:/ST/STM32CubeIDE_1.13.2/STM32CubeIDE/plugins/com.st.stm32cube.ide.mcu.externaltools.gnu-tools-for-stm32.11.3.rel1.win32_1.1.1.202309131626/tools/bin/../lib/gcc/arm-none-eabi/11.3.1/thumb/v7e-m+fp/hard\libgcc.a(_udivmoddi4.o)

.debug_line_str
                0x0000000000000000       0x6a
 .debug_line_str
                0x0000000000000000       0x6a ./Core/Startup/startup_stm32f410rbtx.o
                                         0x82 (size before relaxing)
