Archive member included to satisfy reference by file (symbol)

C:/ST/STM32CubeIDE_1.19.0/STM32CubeIDE/plugins/com.st.stm32cube.ide.mcu.externaltools.gnu-tools-for-stm32.13.3.rel1.win32_1.0.0.202411081344/tools/bin/../lib/gcc/arm-none-eabi/13.3.1/../../../../arm-none-eabi/lib/thumb/v7e-m+fp/hard\libc_nano.a(libc_a-exit.o)
                              C:/ST/STM32CubeIDE_1.19.0/STM32CubeIDE/plugins/com.st.stm32cube.ide.mcu.externaltools.gnu-tools-for-stm32.13.3.rel1.win32_1.0.0.202411081344/tools/bin/../lib/gcc/arm-none-eabi/13.3.1/../../../../arm-none-eabi/lib/thumb/v7e-m+fp/hard/crt0.o (exit)
C:/ST/STM32CubeIDE_1.19.0/STM32CubeIDE/plugins/com.st.stm32cube.ide.mcu.externaltools.gnu-tools-for-stm32.13.3.rel1.win32_1.0.0.202411081344/tools/bin/../lib/gcc/arm-none-eabi/13.3.1/../../../../arm-none-eabi/lib/thumb/v7e-m+fp/hard\libc_nano.a(libc_a-findfp.o)
                              C:/ST/STM32CubeIDE_1.19.0/STM32CubeIDE/plugins/com.st.stm32cube.ide.mcu.externaltools.gnu-tools-for-stm32.13.3.rel1.win32_1.0.0.202411081344/tools/bin/../lib/gcc/arm-none-eabi/13.3.1/../../../../arm-none-eabi/lib/thumb/v7e-m+fp/hard\libc_nano.a(libc_a-exit.o) (__stdio_exit_handler)
C:/ST/STM32CubeIDE_1.19.0/STM32CubeIDE/plugins/com.st.stm32cube.ide.mcu.externaltools.gnu-tools-for-stm32.13.3.rel1.win32_1.0.0.202411081344/tools/bin/../lib/gcc/arm-none-eabi/13.3.1/../../../../arm-none-eabi/lib/thumb/v7e-m+fp/hard\libc_nano.a(libc_a-fwalk.o)
                              C:/ST/STM32CubeIDE_1.19.0/STM32CubeIDE/plugins/com.st.stm32cube.ide.mcu.externaltools.gnu-tools-for-stm32.13.3.rel1.win32_1.0.0.202411081344/tools/bin/../lib/gcc/arm-none-eabi/13.3.1/../../../../arm-none-eabi/lib/thumb/v7e-m+fp/hard\libc_nano.a(libc_a-findfp.o) (_fwalk_sglue)
C:/ST/STM32CubeIDE_1.19.0/STM32CubeIDE/plugins/com.st.stm32cube.ide.mcu.externaltools.gnu-tools-for-stm32.13.3.rel1.win32_1.0.0.202411081344/tools/bin/../lib/gcc/arm-none-eabi/13.3.1/../../../../arm-none-eabi/lib/thumb/v7e-m+fp/hard\libc_nano.a(libc_a-stdio.o)
                              C:/ST/STM32CubeIDE_1.19.0/STM32CubeIDE/plugins/com.st.stm32cube.ide.mcu.externaltools.gnu-tools-for-stm32.13.3.rel1.win32_1.0.0.202411081344/tools/bin/../lib/gcc/arm-none-eabi/13.3.1/../../../../arm-none-eabi/lib/thumb/v7e-m+fp/hard\libc_nano.a(libc_a-findfp.o) (__sread)
C:/ST/STM32CubeIDE_1.19.0/STM32CubeIDE/plugins/com.st.stm32cube.ide.mcu.externaltools.gnu-tools-for-stm32.13.3.rel1.win32_1.0.0.202411081344/tools/bin/../lib/gcc/arm-none-eabi/13.3.1/../../../../arm-none-eabi/lib/thumb/v7e-m+fp/hard\libc_nano.a(libc_a-memset.o)
                              C:/ST/STM32CubeIDE_1.19.0/STM32CubeIDE/plugins/com.st.stm32cube.ide.mcu.externaltools.gnu-tools-for-stm32.13.3.rel1.win32_1.0.0.202411081344/tools/bin/../lib/gcc/arm-none-eabi/13.3.1/../../../../arm-none-eabi/lib/thumb/v7e-m+fp/hard/crt0.o (memset)
C:/ST/STM32CubeIDE_1.19.0/STM32CubeIDE/plugins/com.st.stm32cube.ide.mcu.externaltools.gnu-tools-for-stm32.13.3.rel1.win32_1.0.0.202411081344/tools/bin/../lib/gcc/arm-none-eabi/13.3.1/../../../../arm-none-eabi/lib/thumb/v7e-m+fp/hard\libc_nano.a(libc_a-closer.o)
                              C:/ST/STM32CubeIDE_1.19.0/STM32CubeIDE/plugins/com.st.stm32cube.ide.mcu.externaltools.gnu-tools-for-stm32.13.3.rel1.win32_1.0.0.202411081344/tools/bin/../lib/gcc/arm-none-eabi/13.3.1/../../../../arm-none-eabi/lib/thumb/v7e-m+fp/hard\libc_nano.a(libc_a-stdio.o) (_close_r)
C:/ST/STM32CubeIDE_1.19.0/STM32CubeIDE/plugins/com.st.stm32cube.ide.mcu.externaltools.gnu-tools-for-stm32.13.3.rel1.win32_1.0.0.202411081344/tools/bin/../lib/gcc/arm-none-eabi/13.3.1/../../../../arm-none-eabi/lib/thumb/v7e-m+fp/hard\libc_nano.a(libc_a-reent.o)
                              C:/ST/STM32CubeIDE_1.19.0/STM32CubeIDE/plugins/com.st.stm32cube.ide.mcu.externaltools.gnu-tools-for-stm32.13.3.rel1.win32_1.0.0.202411081344/tools/bin/../lib/gcc/arm-none-eabi/13.3.1/../../../../arm-none-eabi/lib/thumb/v7e-m+fp/hard\libc_nano.a(libc_a-closer.o) (errno)
C:/ST/STM32CubeIDE_1.19.0/STM32CubeIDE/plugins/com.st.stm32cube.ide.mcu.externaltools.gnu-tools-for-stm32.13.3.rel1.win32_1.0.0.202411081344/tools/bin/../lib/gcc/arm-none-eabi/13.3.1/../../../../arm-none-eabi/lib/thumb/v7e-m+fp/hard\libc_nano.a(libc_a-impure.o)
                              C:/ST/STM32CubeIDE_1.19.0/STM32CubeIDE/plugins/com.st.stm32cube.ide.mcu.externaltools.gnu-tools-for-stm32.13.3.rel1.win32_1.0.0.202411081344/tools/bin/../lib/gcc/arm-none-eabi/13.3.1/../../../../arm-none-eabi/lib/thumb/v7e-m+fp/hard\libc_nano.a(libc_a-reent.o) (_impure_ptr)
C:/ST/STM32CubeIDE_1.19.0/STM32CubeIDE/plugins/com.st.stm32cube.ide.mcu.externaltools.gnu-tools-for-stm32.13.3.rel1.win32_1.0.0.202411081344/tools/bin/../lib/gcc/arm-none-eabi/13.3.1/../../../../arm-none-eabi/lib/thumb/v7e-m+fp/hard\libc_nano.a(libc_a-lseekr.o)
[...]
Memory Configuration

Name             Origin             Length             Attributes
RAM              0x20000000         0x00008000         xrw
FLASH            0x08000000         0x00010000         xr
*default*        0x00000000         0xffffffff

Linker script and memory map

LOAD C:/ST/STM32CubeIDE_1.19.0/STM32CubeIDE/plugins/com.st.stm32cube.ide.mcu.externaltools.gnu-tools-for-stm32.13.3.rel1.win32_1.0.0.202411081344/tools/bin/../lib/gcc/arm-none-eabi/13.3.1/thumb/v7e-m+fp/hard/crti.o
LOAD C:/ST/STM32CubeIDE_1.19.0/STM32CubeIDE/plugins/com.st.stm32cube.ide.mcu.externaltools.gnu-tools-for-stm32.13.3.rel1.win32_1.0.0.202411081344/tools/bin/../lib/gcc/arm-none-eabi/13.3.1/thumb/v7e-m+fp/hard/crtbegin.o
LOAD C:/ST/STM32CubeIDE_1.19.0/STM32CubeIDE/plugins/com.st.stm32cube.ide.mcu.externaltools.gnu-tools-for-stm32.13.3.rel1.win32_1.0.0.202411081344/tools/bin/../lib/gcc/arm-none-eabi/13.3.1/../../../../arm-none-eabi/lib/thumb/v7e-m+fp/hard/crt0.o
LOAD ./Core/Src/Timer1.o
LOAD ./Core/Src/main.o
LOAD ./Core/Src/stm32f4xx_hal_msp.o
LOAD ./Core/Src/stm32f4xx_it.o
LOAD ./Core/Src/syscalls.o
LOAD ./Core/Src/sysmem.o
LOAD ./Core/Src/system_stm32f4xx.o
LOAD ./Core/Startup/startup_stm32f410r8tx.o
LOAD ./Drivers/STM32F4xx_HAL_Driver/Src/stm32f4xx_hal.o
LOAD ./Drivers/STM32F4xx_HAL_Driver/Src/stm32f4xx_hal_cortex.o
LOAD ./Drivers/STM32F4xx_HAL_Driver/Src/stm32f4xx_hal_dma.o
LOAD ./Drivers/STM32F4xx_HAL_Driver/Src/stm32f4xx_hal_dma_ex.o
LOAD ./Drivers/STM32F4xx_HAL_Driver/Src/stm32f4xx_hal_exti.o
LOAD ./Drivers/STM32F4xx_HAL_Driver/Src/stm32f4xx_hal_flash.o
LOAD ./Drivers/STM32F4xx_HAL_Driver/Src/stm32f4xx_hal_flash_ex.o
LOAD ./Drivers/STM32F4xx_HAL_Driver/Src/stm32f4xx_hal_flash_ramfunc.o
LOAD ./Drivers/STM32F4xx_HAL_Driver/Src/stm32f4xx_hal_gpio.o
LOAD ./Drivers/STM32F4xx_HAL_Driver/Src/stm32f4xx_hal_i2c.o
LOAD ./Drivers/STM32F4xx_HAL_Driver/Src/stm32f4xx_hal_i2c_ex.o
LOAD ./Drivers/STM32F4xx_HAL_Driver/Src/stm32f4xx_hal_pwr.o
LOAD ./Drivers/STM32F4xx_HAL_Driver/Src/stm32f4xx_hal_pwr_ex.o
LOAD ./Drivers/STM32F4xx_HAL_Driver/Src/stm32f4xx_hal_rcc.o
LOAD ./Drivers/STM32F4xx_HAL_Driver/Src/stm32f4xx_hal_rcc_ex.o
LOAD ./Drivers/STM32F4xx_HAL_Driver/Src/stm32f4xx_hal_tim.o
LOAD ./Drivers/STM32F4xx_HAL_Driver/Src/stm32f4xx_hal_tim_ex.o
LOAD ./Drivers/STM32F4xx_HAL_Driver/Src/stm32f4xx_hal_uart.o
START GROUP
LOAD C:/ST/STM32CubeIDE_1.19.0/STM32CubeIDE/plugins/com.st.stm32cube.ide.mcu.externaltools.gnu-tools-for-stm32.13.3.rel1.win32_1.0.0.202411081344/tools/bin/../lib/gcc/arm-none-eabi/13.3.1/../../../../arm-none-eabi/lib/thumb/v7e-m+fp/hard\libc_nano.a
LOAD C:/ST/STM32CubeIDE_1.19.0/STM32CubeIDE/plugins/com.st.stm32cube.ide.mcu.externaltools.gnu-tools-for-stm32.13.3.rel1.win32_1.0.0.202411081344/tools/bin/../lib/gcc/arm-none-eabi/13.3.1/../../../../arm-none-eabi/lib/thumb/v7e-m+fp/hard\libm.a
END GROUP
START GROUP
LOAD C:/ST/STM32CubeIDE_1.19.0/STM32CubeIDE/plugins/com.st.stm32cube.ide.mcu.externaltools.gnu-tools-for-stm32.13.3.rel1.win32_1.0.0.202411081344/tools/bin/../lib/gcc/arm-none-eabi/13.3.1/thumb/v7e-m+fp/hard\libgcc.a
LOAD C:/ST/STM32CubeIDE_1.19.0/STM32CubeIDE/plugins/com.st.stm32cube.ide.mcu.externaltools.gnu-tools-for-stm32.13.3.rel1.win32_1.0.0.202411081344/tools/bin/../lib/gcc/arm-none-eabi/13.3.1/../../../../arm-none-eabi/lib/thumb/v7e-m+fp/hard\libc_nano.a
END GROUP
START GROUP
LOAD C:/ST/STM32CubeIDE_1.19.0/STM32CubeIDE/plugins/com.st.stm32cube.ide.mcu.externaltools.gnu-tools-for-stm32.13.3.rel1.win32_1.0.0.202411081344/tools/bin/../lib/gcc/arm-none-eabi/13.3.1/thumb/v7e-m+fp/hard\libgcc.a
LOAD C:/ST/STM32CubeIDE_1.19.0/STM32CubeIDE/plugins/com.st.stm32cube.ide.mcu.externaltools.gnu-tools-for-stm32.13.3.rel1.win32_1.0.0.202411081344/tools/bin/../lib/gcc/arm-none-eabi/13.3.1/../../../../arm-none-eabi/lib/thumb/v7e-m+fp/hard\libc_nano.a
LOAD C:/ST/STM32CubeIDE_1.19.0/STM32CubeIDE/plugins/com.st.stm32cube.ide.mcu.externaltools.gnu-tools-for-stm32.13.3.rel1.win32_1.0.0.202411081344/tools/bin/../lib/gcc/arm-none-eabi/13.3.1/../../../../arm-none-eabi/lib/thumb/v7e-m+fp/hard\libnosys.a
END GROUP
START GROUP
LOAD C:/ST/STM32CubeIDE_1.19.0/STM32CubeIDE/plugins/com.st.stm32cube.ide.mcu.externaltools.gnu-tools-for-stm32.13.3.rel1.win32_1.0.0.202411081344/tools/bin/../lib/gcc/arm-none-eabi/13.3.1/thumb/v7e-m+fp/hard\libgcc.a
LOAD C:/ST/STM32CubeIDE_1.19.0/STM32CubeIDE/plugins/com.st.stm32cube.ide.mcu.externaltools.gnu-tools-for-stm32.13.3.rel1.win32_1.0.0.202411081344/tools/bin/../lib/gcc/arm-none-eabi/13.3.1/../../../../arm-none-eabi/lib/thumb/v7e-m+fp/hard\libc_nano.a
LOAD C:/ST/STM32CubeIDE_1.19.0/STM32CubeIDE/plugins/com.st.stm32cube.ide.mcu.externaltools.gnu-tools-for-stm32.13.3.rel1.win32_1.0.0.202411081344/tools/bin/../lib/gcc/arm-none-eabi/13.3.1/../../../../arm-none-eabi/lib/thumb/v7e-m+fp/hard\libnosys.a
END GROUP
LOAD C:/ST/STM32CubeIDE_1.19.0/STM32CubeIDE/plugins/com.st.stm32cube.ide.mcu.externaltools.gnu-tools-for-stm32.13.3.rel1.win32_1.0.0.202411081344/tools/bin/../lib/gcc/arm-none-eabi/13.3.1/thumb/v7e-m+fp/hard/crtend.o
LOAD C:/ST/STM32CubeIDE_1.19.0/STM32CubeIDE/plugins/com.st.stm32cube.ide.mcu.externaltools.gnu-tools-for-stm32.13.3.rel1.win32_1.0.0.202411081344/tools/bin/../lib/gcc/arm-none-eabi/13.3.1/thumb/v7e-m+fp/hard/crtn.o
                0x20008000                        _estack = (ORIGIN (RAM) + LENGTH (RAM))
                0x00000200                        _Min_Heap_Size = 0x200
                0x00000400                        _Min_Stack_Size = 0x400

.isr_vector     0x08000000      0x1c8
                0x08000000                        . = ALIGN (0x4)
 *(.isr_vector)
 .isr_vector    0x08000000      0x1c8 ./Core/Startup/startup_stm32f410r8tx.o
                0x08000000                g_pfnVectors
                0x080001c8                        . = ALIGN (0x4)

.text           0x080001c8     0x4de0
                0x080001c8                        . = ALIGN (0x4)
 *(.text)
 .text          0x080001c8       0x40 C:/ST/STM32CubeIDE_1.19.0/STM32CubeIDE/plugins/com.st.stm32cube.ide.mcu.externaltools.gnu-tools-for-stm32.13.3.rel1.win32_1.0.0.202411081344/tools/bin/../lib/gcc/arm-none-eabi/13.3.1/thumb/v7e-m+fp/hard/crtbegin.o
 .text          0x08000208      0x254 C:/ST/STM32CubeIDE_1.19.0/STM32CubeIDE/plugins/com.st.stm32cube.ide.mcu.externaltools.gnu-tools-for-stm32.13.3.rel1.win32_1.0.0.202411081344/tools/bin/../lib/gcc/arm-none-eabi/13.3.1/thumb/v7e-m+fp/hard\libgcc.a(_arm_muldf3.o)
                0x08000208                __muldf3
                0x08000208                __aeabi_dmul
 .text          0x0800045c      0x378 C:/ST/STM32CubeIDE_1.19.0/STM32CubeIDE/plugins/com.st.stm32cube.ide.mcu.externaltools.gnu-tools-for-stm32.13.3.rel1.win32_1.0.0.202411081344/tools/bin/../lib/gcc/arm-none-eabi/13.3.1/thumb/v7e-m+fp/hard\libgcc.a(_arm_addsubdf3.o)
                0x0800045c                __aeabi_drsub
                0x08000464                __aeabi_dsub
                0x08000464                __subdf3
                0x08000468                __aeabi_dadd
                0x08000468                __adddf3
                0x080006e0                __floatunsidf
                0x080006e0                __aeabi_ui2d
                0x08000700                __floatsidf
                0x08000700                __aeabi_i2d
                0x08000724                __aeabi_f2d
                0x08000724                __extendsfdf2
                0x08000768                __floatundidf
                0x08000768                __aeabi_ul2d
                0x08000778                __floatdidf
                0x08000778                __aeabi_l2d
 .text          0x080007d4       0x40 C:/ST/STM32CubeIDE_1.19.0/STM32CubeIDE/plugins/com.st.stm32cube.ide.mcu.externaltools.gnu-tools-for-stm32.13.3.rel1.win32_1.0.0.202411081344/tools/bin/../lib/gcc/arm-none-eabi/13.3.1/thumb/v7e-m+fp/hard\libgcc.a(_arm_fixunsdfsi.o)
                0x080007d4                __aeabi_d2uiz
                0x080007d4                __fixunsdfsi
 .text          0x08000814       0x30 C:/ST/STM32CubeIDE_1.19.0/STM32CubeIDE/plugins/com.st.stm32cube.ide.mcu.externaltools.gnu-tools-for-stm32.13.3.rel1.win32_1.0.0.202411081344/tools/bin/../lib/gcc/arm-none-eabi/13.3.1/thumb/v7e-m+fp/hard\libgcc.a(_aeabi_uldivmod.o)
                0x08000814                __aeabi_uldivmod
 .text          0x08000844      0x2f8 C:/ST/STM32CubeIDE_1.19.0/STM32CubeIDE/plugins/com.st.stm32cube.ide.mcu.externaltools.gnu-tools-for-stm32.13.3.rel1.win32_1.0.0.202411081344/tools/bin/../lib/gcc/arm-none-eabi/13.3.1/thumb/v7e-m+fp/hard\libgcc.a(_udivmoddi4.o)
                0x08000844                __udivmoddi4
 .text          0x08000b3c        0x4 C:/ST/STM32CubeIDE_1.19.0/STM32CubeIDE/plugins/com.st.stm32cube.ide.mcu.externaltools.gnu-tools-for-stm32.13.3.rel1.win32_1.0.0.202411081344/tools/bin/../lib/gcc/arm-none-eabi/13.3.1/thumb/v7e-m+fp/hard\libgcc.a(_dvmd_tls.o)
                0x08000b3c                __aeabi_idiv0
                0x08000b3c                __aeabi_ldiv0
 *(.text*)
 .text.Set_Duty_Cycle
                0x08000b40       0xa8 ./Core/Src/Timer1.o
                0x08000b40                Set_Duty_Cycle
 .text.Motor_Control
                0x08000be8      0x1b4 ./Core/Src/main.o
                0x08000be8                Motor_Control
 .text.LED_Control
                0x08000d9c       0x88 ./Core/Src/main.o
                0x08000d9c                LED_Control
 .text.readBuffer
                0x08000e24       0x4c ./Core/Src/main.o
                0x08000e24                readBuffer
 .text.LEDToggle
                0x08000e70       0x80 ./Core/Src/main.o
                0x08000e70                LEDToggle
 .text.SendUpdate
                0x08000ef0       0x38 ./Core/Src/main.o
                0x08000ef0                SendUpdate
 .text.main     0x08000f28       0x70 ./Core/Src/main.o
                0x08000f28                main
 .text.SystemClock_Config
                0x08000f98       0xd4 ./Core/Src/main.o
                0x08000f98                SystemClock_Config
 .text.MX_NVIC_Init
                0x0800106c       0x28 ./Core/Src/main.o
 .text.MX_I2C1_Init
                0x08001094       0x5c ./Core/Src/main.o
 .text.MX_TIM6_Init
                0x080010f0       0x6c ./Core/Src/main.o
 .text.MX_TIM9_Init
                0x0800115c       0x74 ./Core/Src/main.o
 .text.MX_USART1_UART_Init
                0x080011d0       0x54 ./Core/Src/main.o
 .text.MX_USART2_UART_Init
                0x08001224       0x54 ./Core/Src/main.o
 .text.MX_DMA_Init
                0x08001278       0x40 ./Core/Src/main.o
 .text.MX_GPIO_Init
                0x080012b8      0x180 ./Core/Src/main.o
 .text.HAL_UART_RxCpltCallback
                0x08001438       0x48 ./Core/Src/main.o
                0x08001438                HAL_UART_RxCpltCallback
 .text.HAL_TIM_PeriodElapsedCallback
                0x08001480       0x98 ./Core/Src/main.o
                0x08001480                HAL_TIM_PeriodElapsedCallback
 .text.Error_Handler
                0x08001518        0xc ./Core/Src/main.o
                0x08001518                Error_Handler
 .text.HAL_MspInit
                0x08001524       0x50 ./Core/Src/stm32f4xx_hal_msp.o
                0x08001524                HAL_MspInit
 .text.HAL_I2C_MspInit
                0x08001574       0x90 ./Core/Src/stm32f4xx_hal_msp.o
                0x08001574                HAL_I2C_MspInit
 .text.HAL_TIM_Base_MspInit
                0x08001604       0x7c ./Core/Src/stm32f4xx_hal_msp.o
                0x08001604                HAL_TIM_Base_MspInit
 .text.HAL_UART_MspInit
                0x08001680      0x16c ./Core/Src/stm32f4xx_hal_msp.o
                0x08001680                HAL_UART_MspInit
 .text.NMI_Handler
                0x080017ec        0x8 ./Core/Src/stm32f4xx_it.o
                0x080017ec                NMI_Handler
 .text.HardFault_Handler
                0x080017f4        0x8 ./Core/Src/stm32f4xx_it.o
                0x080017f4                HardFault_Handler
 .text.MemManage_Handler
                0x080017fc        0x8 ./Core/Src/stm32f4xx_it.o
                0x080017fc                MemManage_Handler
 .text.BusFault_Handler
                0x08001804        0x8 ./Core/Src/stm32f4xx_it.o
                0x08001804                BusFault_Handler
 .text.UsageFault_Handler
                0x0800180c        0x8 ./Core/Src/stm32f4xx_it.o
                0x0800180c                UsageFault_Handler
 .text.SVC_Handler
                0x08001814        0xe ./Core/Src/stm32f4xx_it.o
                0x08001814                SVC_Handler
 .text.DebugMon_Handler
                0x08001822        0xe ./Core/Src/stm32f4xx_it.o
                0x08001822                DebugMon_Handler
 .text.PendSV_Handler
                0x08001830        0xe ./Core/Src/stm32f4xx_it.o
                0x08001830                PendSV_Handler
 .text.SysTick_Handler
                0x0800183e        0xc ./Core/Src/stm32f4xx_it.o
                0x0800183e                SysTick_Handler
 *fill*         0x0800184a        0x2 
 .text.TIM1_BRK_TIM9_IRQHandler
                0x0800184c       0x14 ./Core/Src/stm32f4xx_it.o
                0x0800184c                TIM1_BRK_TIM9_IRQHandler
 .text.USART1_IRQHandler
                0x08001860       0x14 ./Core/Src/stm32f4xx_it.o
                0x08001860                USART1_IRQHandler
 .text.USART2_IRQHandler
                0x08001874       0x14 ./Core/Src/stm32f4xx_it.o
                0x08001874                USART2_IRQHandler
 .text.TIM6_DAC_IRQHandler
                0x08001888       0x14 ./Core/Src/stm32f4xx_it.o
                0x08001888                TIM6_DAC_IRQHandler
 .text.DMA2_Stream2_IRQHandler
                0x0800189c       0x14 ./Core/Src/stm32f4xx_it.o
                0x0800189c                DMA2_Stream2_IRQHandler
 .text.SystemInit
                0x080018b0       0x24 ./Core/Src/system_stm32f4xx.o
                0x080018b0                SystemInit
 .text.Reset_Handler
                0x080018d4       0x50 ./Core/Startup/startup_stm32f410r8tx.o
                0x080018d4                Reset_Handler
 .text.Default_Handler
                0x08001924        0x2 ./Core/Startup/startup_stm32f410r8tx.o
                0x08001924                RTC_Alarm_IRQHandler
                0x08001924                EXTI2_IRQHandler
                0x08001924                FMPI2C1_EV_IRQHandler
                0x08001924                TIM1_CC_IRQHandler
                0x08001924                DMA2_Stream5_IRQHandler
                0x08001924                DMA1_Stream5_IRQHandler
                0x08001924                PVD_IRQHandler
                0x08001924                TAMP_STAMP_IRQHandler
                0x08001924                EXTI3_IRQHandler
                0x08001924                EXTI0_IRQHandler
                0x08001924                I2C2_EV_IRQHandler
                0x08001924                DMA1_Stream2_IRQHandler
                0x08001924                FPU_IRQHandler
                0x08001924                SPI1_IRQHandler
                0x08001924                DMA2_Stream3_IRQHandler
                0x08001924                USART6_IRQHandler
                0x08001924                DMA2_Stream0_IRQHandler
                0x08001924                I2C1_EV_IRQHandler
                0x08001924                DMA1_Stream6_IRQHandler
                0x08001924                DMA1_Stream1_IRQHandler
                0x08001924                RCC_IRQHandler
                0x08001924                Default_Handler
                0x08001924                EXTI15_10_IRQHandler
                0x08001924                ADC_IRQHandler
                0x08001924                DMA1_Stream7_IRQHandler
                0x08001924                SPI5_IRQHandler
                0x08001924                TIM5_IRQHandler
                0x08001924                DMA2_Stream7_IRQHandler
                0x08001924                EXTI9_5_IRQHandler
                0x08001924                RTC_WKUP_IRQHandler
                0x08001924                SPI2_IRQHandler
                0x08001924                DMA1_Stream0_IRQHandler
                0x08001924                FMPI2C1_ER_IRQHandler
                0x08001924                EXTI4_IRQHandler
                0x08001924                RNG_IRQHandler
                0x08001924                TIM1_UP_IRQHandler
                0x08001924                WWDG_IRQHandler
                0x08001924                TIM1_TRG_COM_TIM11_IRQHandler
                0x08001924                EXTI1_IRQHandler
                0x08001924                I2C2_ER_IRQHandler
                0x08001924                DMA2_Stream1_IRQHandler
                0x08001924                FLASH_IRQHandler
                0x08001924                DMA2_Stream4_IRQHandler
                0x08001924                DMA1_Stream4_IRQHandler
                0x08001924                I2C1_ER_IRQHandler
                0x08001924                LPTIM1_IRQHandler
                0x08001924                DMA2_Stream6_IRQHandler
                0x08001924                DMA1_Stream3_IRQHandler
 *fill*         0x08001926        0x2 
 .text.HAL_Init
                0x08001928       0x44 ./Drivers/STM32F4xx_HAL_Driver/Src/stm32f4xx_hal.o
                0x08001928                HAL_Init
 .text.HAL_InitTick
                0x0800196c       0x60 ./Drivers/STM32F4xx_HAL_Driver/Src/stm32f4xx_hal.o
                0x0800196c                HAL_InitTick
 .text.HAL_IncTick
                0x080019cc       0x28 ./Drivers/STM32F4xx_HAL_Driver/Src/stm32f4xx_hal.o
                0x080019cc                HAL_IncTick
 .text.HAL_GetTick
                0x080019f4       0x18 ./Drivers/STM32F4xx_HAL_Driver/Src/stm32f4xx_hal.o
                0x080019f4                HAL_GetTick
 .text.__NVIC_SetPriorityGrouping
                0x08001a0c       0x48 ./Drivers/STM32F4xx_HAL_Driver/Src/stm32f4xx_hal_cortex.o
 .text.__NVIC_GetPriorityGrouping
                0x08001a54       0x1c ./Drivers/STM32F4xx_HAL_Driver/Src/stm32f4xx_hal_cortex.o
 .text.__NVIC_EnableIRQ
                0x08001a70       0x3c ./Drivers/STM32F4xx_HAL_Driver/Src/stm32f4xx_hal_cortex.o
 .text.__NVIC_SetPriority
                0x08001aac       0x54 ./Drivers/STM32F4xx_HAL_Driver/Src/stm32f4xx_hal_cortex.o
 .text.NVIC_EncodePriority
                0x08001b00       0x66 ./Drivers/STM32F4xx_HAL_Driver/Src/stm32f4xx_hal_cortex.o
 *fill*         0x08001b66        0x2 
 .text.SysTick_Config
                0x08001b68       0x44 ./Drivers/STM32F4xx_HAL_Driver/Src/stm32f4xx_hal_cortex.o
 .text.HAL_NVIC_SetPriorityGrouping
                0x08001bac       0x16 ./Drivers/STM32F4xx_HAL_Driver/Src/stm32f4xx_hal_cortex.o
                0x08001bac                HAL_NVIC_SetPriorityGrouping
 .text.HAL_NVIC_SetPriority
                0x08001bc2       0x38 ./Drivers/STM32F4xx_HAL_Driver/Src/stm32f4xx_hal_cortex.o
                0x08001bc2                HAL_NVIC_SetPriority
 .text.HAL_NVIC_EnableIRQ
                0x08001bfa       0x1c ./Drivers/STM32F4xx_HAL_Driver/Src/stm32f4xx_hal_cortex.o
                0x08001bfa                HAL_NVIC_EnableIRQ
 .text.HAL_SYSTICK_Config
                0x08001c16       0x18 ./Drivers/STM32F4xx_HAL_Driver/Src/stm32f4xx_hal_cortex.o
                0x08001c16                HAL_SYSTICK_Config
 *fill*         0x08001c2e        0x2 
 .text.HAL_DMA_Init
                0x08001c30      0x15c ./Drivers/STM32F4xx_HAL_Driver/Src/stm32f4xx_hal_dma.o
                0x08001c30                HAL_DMA_Init
 .text.HAL_DMA_Start_IT
                0x08001d8c       0xb0 ./Drivers/STM32F4xx_HAL_Driver/Src/stm32f4xx_hal_dma.o
                0x08001d8c                HAL_DMA_Start_IT
 .text.HAL_DMA_Abort
                0x08001e3c       0xe0 ./Drivers/STM32F4xx_HAL_Driver/Src/stm32f4xx_hal_dma.o
                0x08001e3c                HAL_DMA_Abort
 .text.HAL_DMA_Abort_IT
                0x08001f1c       0x44 ./Drivers/STM32F4xx_HAL_Driver/Src/stm32f4xx_hal_dma.o
                0x08001f1c                HAL_DMA_Abort_IT
 .text.HAL_DMA_IRQHandler
                0x08001f60      0x314 ./Drivers/STM32F4xx_HAL_Driver/Src/stm32f4xx_hal_dma.o
                0x08001f60                HAL_DMA_IRQHandler
 .text.DMA_SetConfig
                0x08002274       0x5c ./Drivers/STM32F4xx_HAL_Driver/Src/stm32f4xx_hal_dma.o
 .text.DMA_CalcBaseAndBitshift
                0x080022d0       0x6c ./Drivers/STM32F4xx_HAL_Driver/Src/stm32f4xx_hal_dma.o
 .text.DMA_CheckFifoParam
                0x0800233c       0xf8 ./Drivers/STM32F4xx_HAL_Driver/Src/stm32f4xx_hal_dma.o
 .text.HAL_GPIO_Init
                0x08002434      0x2e8 ./Drivers/STM32F4xx_HAL_Driver/Src/stm32f4xx_hal_gpio.o
                0x08002434                HAL_GPIO_Init
 .text.HAL_GPIO_WritePin
                0x0800271c       0x32 ./Drivers/STM32F4xx_HAL_Driver/Src/stm32f4xx_hal_gpio.o
                0x0800271c                HAL_GPIO_WritePin
 .text.HAL_GPIO_TogglePin
                0x0800274e       0x34 ./Drivers/STM32F4xx_HAL_Driver/Src/stm32f4xx_hal_gpio.o
                0x0800274e                HAL_GPIO_TogglePin
 *fill*         0x08002782        0x2 
 .text.HAL_I2C_Init
                0x08002784      0x288 ./Drivers/STM32F4xx_HAL_Driver/Src/stm32f4xx_hal_i2c.o
                0x08002784                HAL_I2C_Init
 .text.HAL_RCC_ClockConfig
                0x08002a0c      0x1cc ./Drivers/STM32F4xx_HAL_Driver/Src/stm32f4xx_hal_rcc.o
                0x08002a0c                HAL_RCC_ClockConfig
 .text.HAL_RCC_GetSysClockFreq
                0x08002bd8      0x20c ./Drivers/STM32F4xx_HAL_Driver/Src/stm32f4xx_hal_rcc.o
                0x08002bd8                HAL_RCC_GetSysClockFreq
 .text.HAL_RCC_GetHCLKFreq
                0x08002de4       0x18 ./Drivers/STM32F4xx_HAL_Driver/Src/stm32f4xx_hal_rcc.o
                0x08002de4                HAL_RCC_GetHCLKFreq
 .text.HAL_RCC_GetPCLK1Freq
                0x08002dfc       0x28 ./Drivers/STM32F4xx_HAL_Driver/Src/stm32f4xx_hal_rcc.o
                0x08002dfc                HAL_RCC_GetPCLK1Freq
 .text.HAL_RCC_GetPCLK2Freq
                0x08002e24       0x28 ./Drivers/STM32F4xx_HAL_Driver/Src/stm32f4xx_hal_rcc.o
                0x08002e24                HAL_RCC_GetPCLK2Freq
 .text.HAL_RCC_OscConfig
                0x08002e4c      0x508 ./Drivers/STM32F4xx_HAL_Driver/Src/stm32f4xx_hal_rcc_ex.o
                0x08002e4c                HAL_RCC_OscConfig
 .text.HAL_TIM_Base_Init
                0x08003354       0x9e ./Drivers/STM32F4xx_HAL_Driver/Src/stm32f4xx_hal_tim.o
                0x08003354                HAL_TIM_Base_Init
 *fill*         0x080033f2        0x2 
 .text.HAL_TIM_Base_Start_IT
                0x080033f4       0x9c ./Drivers/STM32F4xx_HAL_Driver/Src/stm32f4xx_hal_tim.o
                0x080033f4                HAL_TIM_Base_Start_IT
 .text.HAL_TIM_IRQHandler
                0x08003490      0x1e0 ./Drivers/STM32F4xx_HAL_Driver/Src/stm32f4xx_hal_tim.o
                0x08003490                HAL_TIM_IRQHandler
 .text.HAL_TIM_ConfigClockSource
                0x08003670      0x18e ./Drivers/STM32F4xx_HAL_Driver/Src/stm32f4xx_hal_tim.o
                0x08003670                HAL_TIM_ConfigClockSource
 .text.HAL_TIM_OC_DelayElapsedCallback
                0x080037fe       0x14 ./Drivers/STM32F4xx_HAL_Driver/Src/stm32f4xx_hal_tim.o
                0x080037fe                HAL_TIM_OC_DelayElapsedCallback
 .text.HAL_TIM_IC_CaptureCallback
                0x08003812       0x14 ./Drivers/STM32F4xx_HAL_Driver/Src/stm32f4xx_hal_tim.o
                0x08003812                HAL_TIM_IC_CaptureCallback
 .text.HAL_TIM_PWM_PulseFinishedCallback
                0x08003826       0x14 ./Drivers/STM32F4xx_HAL_Driver/Src/stm32f4xx_hal_tim.o
                0x08003826                HAL_TIM_PWM_PulseFinishedCallback
 .text.HAL_TIM_TriggerCallback
                0x0800383a       0x14 ./Drivers/STM32F4xx_HAL_Driver/Src/stm32f4xx_hal_tim.o
                0x0800383a                HAL_TIM_TriggerCallback
 *fill*         0x0800384e        0x2 
 .text.TIM_Base_SetConfig
                0x08003850       0xc8 ./Drivers/STM32F4xx_HAL_Driver/Src/stm32f4xx_hal_tim.o
                0x08003850                TIM_Base_SetConfig
 .text.TIM_TI1_ConfigInputStage
                0x08003918       0x5e ./Drivers/STM32F4xx_HAL_Driver/Src/stm32f4xx_hal_tim.o
 .text.TIM_TI2_ConfigInputStage
                0x08003976       0x60 ./Drivers/STM32F4xx_HAL_Driver/Src/stm32f4xx_hal_tim.o
 .text.TIM_ITRx_SetConfig
                0x080039d6       0x36 ./Drivers/STM32F4xx_HAL_Driver/Src/stm32f4xx_hal_tim.o
 .text.TIM_ETR_SetConfig
                0x08003a0c       0x40 ./Drivers/STM32F4xx_HAL_Driver/Src/stm32f4xx_hal_tim.o
                0x08003a0c                TIM_ETR_SetConfig
 .text.HAL_TIMEx_MasterConfigSynchronization
                0x08003a4c       0xb4 ./Drivers/STM32F4xx_HAL_Driver/Src/stm32f4xx_hal_tim_ex.o
                0x08003a4c                HAL_TIMEx_MasterConfigSynchronization
 .text.HAL_TIMEx_CommutCallback
                0x08003b00       0x14 ./Drivers/STM32F4xx_HAL_Driver/Src/stm32f4xx_hal_tim_ex.o
                0x08003b00                HAL_TIMEx_CommutCallback
 .text.HAL_TIMEx_BreakCallback
                0x08003b14       0x14 ./Drivers/STM32F4xx_HAL_Driver/Src/stm32f4xx_hal_tim_ex.o
                0x08003b14                HAL_TIMEx_BreakCallback
 .text.HAL_UART_Init
                0x08003b28       0xa0 ./Drivers/STM32F4xx_HAL_Driver/Src/stm32f4xx_hal_uart.o
                0x08003b28                HAL_UART_Init
 .text.HAL_UART_Transmit
                0x08003bc8      0x116 ./Drivers/STM32F4xx_HAL_Driver/Src/stm32f4xx_hal_uart.o
                0x08003bc8                HAL_UART_Transmit
 .text.HAL_UART_Receive_DMA
                0x08003cde       0x4a ./Drivers/STM32F4xx_HAL_Driver/Src/stm32f4xx_hal_uart.o
                0x08003cde                HAL_UART_Receive_DMA
 .text.HAL_UART_IRQHandler
                0x08003d28      0x554 ./Drivers/STM32F4xx_HAL_Driver/Src/stm32f4xx_hal_uart.o
                0x08003d28                HAL_UART_IRQHandler
 .text.HAL_UART_TxCpltCallback
                0x0800427c       0x14 ./Drivers/STM32F4xx_HAL_Driver/Src/stm32f4xx_hal_uart.o
                0x0800427c                HAL_UART_TxCpltCallback
 .text.HAL_UART_RxHalfCpltCallback
                0x08004290       0x14 ./Drivers/STM32F4xx_HAL_Driver/Src/stm32f4xx_hal_uart.o
                0x08004290                HAL_UART_RxHalfCpltCallback
 .text.HAL_UART_ErrorCallback
                0x080042a4       0x14 ./Drivers/STM32F4xx_HAL_Driver/Src/stm32f4xx_hal_uart.o
                0x080042a4                HAL_UART_ErrorCallback
 .text.HAL_UARTEx_RxEventCallback
                0x080042b8       0x18 ./Drivers/STM32F4xx_HAL_Driver/Src/stm32f4xx_hal_uart.o
                0x080042b8                HAL_UARTEx_RxEventCallback
 .text.UART_DMAReceiveCplt
                0x080042d0      0x12c ./Drivers/STM32F4xx_HAL_Driver/Src/stm32f4xx_hal_uart.o
 .text.UART_DMARxHalfCplt
                0x080043fc       0x3c ./Drivers/STM32F4xx_HAL_Driver/Src/stm32f4xx_hal_uart.o
 .text.UART_DMAError
                0x08004438       0x94 ./Drivers/STM32F4xx_HAL_Driver/Src/stm32f4xx_hal_uart.o
 .text.UART_WaitOnFlagUntilTimeout
                0x080044cc       0xb2 ./Drivers/STM32F4xx_HAL_Driver/Src/stm32f4xx_hal_uart.o
 *fill*         0x0800457e        0x2 
 .text.UART_Start_Receive_DMA
                0x08004580      0x14c ./Drivers/STM32F4xx_HAL_Driver/Src/stm32f4xx_hal_uart.o
                0x08004580                UART_Start_Receive_DMA
 .text.UART_EndTxTransfer
                0x080046cc       0x50 ./Drivers/STM32F4xx_HAL_Driver/Src/stm32f4xx_hal_uart.o
 .text.UART_EndRxTransfer
                0x0800471c       0xc6 ./Drivers/STM32F4xx_HAL_Driver/Src/stm32f4xx_hal_uart.o
 .text.UART_DMAAbortOnError
                0x080047e2       0x22 ./Drivers/STM32F4xx_HAL_Driver/Src/stm32f4xx_hal_uart.o
 .text.UART_Transmit_IT
                0x08004804       0xa0 ./Drivers/STM32F4xx_HAL_Driver/Src/stm32f4xx_hal_uart.o
 .text.UART_EndTransmit_IT
                0x080048a4       0x30 ./Drivers/STM32F4xx_HAL_Driver/Src/stm32f4xx_hal_uart.o
 .text.UART_Receive_IT
                0x080048d4      0x17c ./Drivers/STM32F4xx_HAL_Driver/Src/stm32f4xx_hal_uart.o
 .text.UART_SetConfig
                0x08004a50      0x4e8 ./Drivers/STM32F4xx_HAL_Driver/Src/stm32f4xx_hal_uart.o
 .text.memset   0x08004f38       0x10 C:/ST/STM32CubeIDE_1.19.0/STM32CubeIDE/plugins/com.st.stm32cube.ide.mcu.externaltools.gnu-tools-for-stm32.13.3.rel1.win32_1.0.0.202411081344/tools/bin/../lib/gcc/arm-none-eabi/13.3.1/../../../../arm-none-eabi/lib/thumb/v7e-m+fp/hard\libc_nano.a(libc_a-memset.o)
                0x08004f38                memset
 .text.__libc_init_array
                0x08004f48       0x48 C:/ST/STM32CubeIDE_1.19.0/STM32CubeIDE/plugins/com.st.stm32cube.ide.mcu.externaltools.gnu-tools-for-stm32.13.3.rel1.win32_1.0.0.202411081344/tools/bin/../lib/gcc/arm-none-eabi/13.3.1/../../../../arm-none-eabi/lib/thumb/v7e-m+fp/hard\libc_nano.a(libc_a-init.o)
                0x08004f48                __libc_init_array
 *(.glue_7)
 .glue_7        0x08004f90        0x0 linker stubs
 *(.glue_7t)
 .glue_7t       0x08004f90        0x0 linker stubs
 *(.eh_frame)
 .eh_frame      0x08004f90        0x0 C:/ST/STM32CubeIDE_1.19.0/STM32CubeIDE/plugins/com.st.stm32cube.ide.mcu.externaltools.gnu-tools-for-stm32.13.3.rel1.win32_1.0.0.202411081344/tools/bin/../lib/gcc/arm-none-eabi/13.3.1/thumb/v7e-m+fp/hard/crtbegin.o
 *(.init)
 .init          0x08004f90        0x4 C:/ST/STM32CubeIDE_1.19.0/STM32CubeIDE/plugins/com.st.stm32cube.ide.mcu.externaltools.gnu-tools-for-stm32.13.3.rel1.win32_1.0.0.202411081344/tools/bin/../lib/gcc/arm-none-eabi/13.3.1/thumb/v7e-m+fp/hard/crti.o
                0x08004f90                _init
 .init          0x08004f94        0x8 C:/ST/STM32CubeIDE_1.19.0/STM32CubeIDE/plugins/com.st.stm32cube.ide.mcu.externaltools.gnu-tools-for-stm32.13.3.rel1.win32_1.0.0.202411081344/tools/bin/../lib/gcc/arm-none-eabi/13.3.1/thumb/v7e-m+fp/hard/crtn.o
 *(.fini)
 .fini          0x08004f9c        0x4 C:/ST/STM32CubeIDE_1.19.0/STM32CubeIDE/plugins/com.st.stm32cube.ide.mcu.externaltools.gnu-tools-for-stm32.13.3.rel1.win32_1.0.0.202411081344/tools/bin/../lib/gcc/arm-none-eabi/13.3.1/thumb/v7e-m+fp/hard/crti.o
                0x08004f9c                _fini
 .fini          0x08004fa0        0x8 C:/ST/STM32CubeIDE_1.19.0/STM32CubeIDE/plugins/com.st.stm32cube.ide.mcu.externaltools.gnu-tools-for-stm32.13.3.rel1.win32_1.0.0.202411081344/tools/bin/../lib/gcc/arm-none-eabi/13.3.1/thumb/v7e-m+fp/hard/crtn.o
                0x08004fa8                        . = ALIGN (0x4)
                0x08004fa8                        _etext = .

.vfp11_veneer   0x08004fa8        0x0
 .vfp11_veneer  0x08004fa8        0x0 linker stubs

.v4_bx          0x08004fa8        0x0
 .v4_bx         0x08004fa8        0x0 linker stubs

.iplt           0x08004fa8        0x0
 .iplt          0x08004fa8        0x0 C:/ST/STM32CubeIDE_1.19.0/STM32CubeIDE/plugins/com.st.stm32cube.ide.mcu.externaltools.gnu-tools-for-stm32.13.3.rel1.win32_1.0.0.202411081344/tools/bin/../lib/gcc/arm-none-eabi/13.3.1/thumb/v7e-m+fp/hard/crtbegin.o

.rodata         0x08004fa8       0x20
                0x08004fa8                        . = ALIGN (0x4)
 *(.rodata)
 *(.rodata*)
 .rodata.AHBPrescTable
                0x08004fa8       0x10 ./Core/Src/system_stm32f4xx.o
                0x08004fa8                AHBPrescTable
 .rodata.APBPrescTable
                0x08004fb8        0x8 ./Core/Src/system_stm32f4xx.o
                0x08004fb8                APBPrescTable
 .rodata.flagBitshiftOffset.0
                0x08004fc0        0x8 ./Drivers/STM32F4xx_HAL_Driver/Src/stm32f4xx_hal_dma.o
                0x08004fc8                        . = ALIGN (0x4)

.ARM.extab      0x08004fc8        0x0
                0x08004fc8                        . = ALIGN (0x4)
 *(.ARM.extab* .gnu.linkonce.armextab.*)
                0x08004fc8                        . = ALIGN (0x4)

.ARM            0x08004fc8        0x8
                0x08004fc8                        . = ALIGN (0x4)
                0x08004fc8                        __exidx_start = .
 *(.ARM.exidx*)
 .ARM.exidx     0x08004fc8        0x8 C:/ST/STM32CubeIDE_1.19.0/STM32CubeIDE/plugins/com.st.stm32cube.ide.mcu.externaltools.gnu-tools-for-stm32.13.3.rel1.win32_1.0.0.202411081344/tools/bin/../lib/gcc/arm-none-eabi/13.3.1/thumb/v7e-m+fp/hard\libgcc.a(_udivmoddi4.o)
                0x08004fd0                        __exidx_end = .
                0x08004fd0                        . = ALIGN (0x4)

.preinit_array  0x08004fd0        0x0
                0x08004fd0                        . = ALIGN (0x4)
                0x08004fd0                        PROVIDE (__preinit_array_start = .)
 *(.preinit_array*)
                0x08004fd0                        PROVIDE (__preinit_array_end = .)
                0x08004fd0                        . = ALIGN (0x4)

.init_array     0x08004fd0        0x4
                0x08004fd0                        . = ALIGN (0x4)
                0x08004fd0                        PROVIDE (__init_array_start = .)
 *(SORT_BY_NAME(.init_array.*))
 *(.init_array*)
 .init_array    0x08004fd0        0x4 C:/ST/STM32CubeIDE_1.19.0/STM32CubeIDE/plugins/com.st.stm32cube.ide.mcu.externaltools.gnu-tools-for-stm32.13.3.rel1.win32_1.0.0.202411081344/tools/bin/../lib/gcc/arm-none-eabi/13.3.1/thumb/v7e-m+fp/hard/crtbegin.o
                0x08004fd4                        PROVIDE (__init_array_end = .)
                0x08004fd4                        . = ALIGN (0x4)

.fini_array     0x08004fd4        0x4
                0x08004fd4                        . = ALIGN (0x4)
                [!provide]                        PROVIDE (__fini_array_start = .)
 *(SORT_BY_NAME(.fini_array.*))
 *(.fini_array*)
 .fini_array    0x08004fd4        0x4 C:/ST/STM32CubeIDE_1.19.0/STM32CubeIDE/plugins/com.st.stm32cube.ide.mcu.externaltools.gnu-tools-for-stm32.13.3.rel1.win32_1.0.0.202411081344/tools/bin/../lib/gcc/arm-none-eabi/13.3.1/thumb/v7e-m+fp/hard/crtbegin.o
                [!provide]                        PROVIDE (__fini_array_end = .)
                0x08004fd8                        . = ALIGN (0x4)
                0x08004fd8                        _sidata = LOADADDR (.data)

.rel.dyn        0x08004fd8        0x0
 .rel.iplt      0x08004fd8        0x0 C:/ST/STM32CubeIDE_1.19.0/STM32CubeIDE/plugins/com.st.stm32cube.ide.mcu.externaltools.gnu-tools-for-stm32.13.3.rel1.win32_1.0.0.202411081344/tools/bin/../lib/gcc/arm-none-eabi/13.3.1/thumb/v7e-m+fp/hard/crtbegin.o

.data           0x20000000        0xc load address 0x08004fd8
                0x20000000                        . = ALIGN (0x4)
                0x20000000                        _sdata = .
 *(.data)
 *(.data*)
 .data.SystemCoreClock
                0x20000000        0x4 ./Core/Src/system_stm32f4xx.o
                0x20000000                SystemCoreClock
 .data.uwTickPrio
                0x20000004        0x4 ./Drivers/STM32F4xx_HAL_Driver/Src/stm32f4xx_hal.o
                0x20000004                uwTickPrio
 .data.uwTickFreq
                0x20000008        0x1 ./Drivers/STM32F4xx_HAL_Driver/Src/stm32f4xx_hal.o
                0x20000008                uwTickFreq
 *(.RamFunc)
 *(.RamFunc*)
                0x2000000c                        . = ALIGN (0x4)
 *fill*         0x20000009        0x3 
                0x2000000c                        _edata = .

.igot.plt       0x2000000c        0x0 load address 0x08004fe4
 .igot.plt      0x2000000c        0x0 C:/ST/STM32CubeIDE_1.19.0/STM32CubeIDE/plugins/com.st.stm32cube.ide.mcu.externaltools.gnu-tools-for-stm32.13.3.rel1.win32_1.0.0.202411081344/tools/bin/../lib/gcc/arm-none-eabi/13.3.1/thumb/v7e-m+fp/hard/crtbegin.o
                0x2000000c                        . = ALIGN (0x4)

.bss            0x2000000c      0xddc load address 0x08004fe4
                0x2000000c                        _sbss = .
                0x2000000c                        __bss_start__ = _sbss
 *(.bss)
 .bss           0x2000000c       0x1c C:/ST/STM32CubeIDE_1.19.0/STM32CubeIDE/plugins/com.st.stm32cube.ide.mcu.externaltools.gnu-tools-for-stm32.13.3.rel1.win32_1.0.0.202411081344/tools/bin/../lib/gcc/arm-none-eabi/13.3.1/thumb/v7e-m+fp/hard/crtbegin.o
 *(.bss*)
 .bss.hi2c1     0x20000028       0x54 ./Core/Src/main.o
                0x20000028                hi2c1
 .bss.htim6     0x2000007c       0x48 ./Core/Src/main.o
                0x2000007c                htim6
 .bss.htim9     0x200000c4       0x48 ./Core/Src/main.o
                0x200000c4                htim9
 .bss.huart1    0x2000010c       0x48 ./Core/Src/main.o
                0x2000010c                huart1
 .bss.huart2    0x20000154       0x48 ./Core/Src/main.o
                0x20000154                huart2
 .bss.hdma_usart1_rx
                0x2000019c       0x60 ./Core/Src/main.o
                0x2000019c                hdma_usart1_rx
 .bss.circleBufferRead
                0x200001fc        0x4 ./Core/Src/main.o
                0x200001fc                circleBufferRead
 .bss.circleBufferStore
                0x20000200        0x4 ./Core/Src/main.o
                0x20000200                circleBufferStore
 .bss.messages  0x20000204        0x4 ./Core/Src/main.o
                0x20000204                messages
 .bss.circleBuffer
                0x20000208      0xbb8 ./Core/Src/main.o
                0x20000208                circleBuffer
 .bss.statusUpdate
                0x20000dc0        0xb ./Core/Src/main.o
                0x20000dc0                statusUpdate
 *fill*         0x20000dcb        0x1 
 .bss.LEDTimer1
                0x20000dcc        0x4 ./Core/Src/main.o
                0x20000dcc                LEDTimer1
 .bss.LEDTimer2
                0x20000dd0        0x4 ./Core/Src/main.o
                0x20000dd0                LEDTimer2
 .bss.LEDTimer3
                0x20000dd4        0x4 ./Core/Src/main.o
                0x20000dd4                LEDTimer3
 .bss.LEDTimer4
                0x20000dd8        0x4 ./Core/Src/main.o
                0x20000dd8                LEDTimer4
 .bss.LEDCount  0x20000ddc        0x4 ./Core/Src/main.o
                0x20000ddc                LEDCount
 .bss.Timecount
                0x20000de0        0x4 ./Core/Src/main.o
                0x20000de0                Timecount
 .bss.uwTick    0x20000de4        0x4 ./Drivers/STM32F4xx_HAL_Driver/Src/stm32f4xx_hal.o
                0x20000de4                uwTick
 *(COMMON)
                0x20000de8                        . = ALIGN (0x4)
                0x20000de8                        _ebss = .
                0x20000de8                        __bss_end__ = _ebss

._user_heap_stack
                0x20000de8      0x600 load address 0x08004fe4
                0x20000de8                        . = ALIGN (0x8)
                [!provide]                        PROVIDE (end = .)
                0x20000de8                        PROVIDE (_end = .)
                0x20000fe8                        . = (. + _Min_Heap_Size)
 *fill*         0x20000de8      0x200 
                0x200013e8                        . = (. + _Min_Stack_Size)
 *fill*         0x20000fe8      0x400 
                0x200013e8                        . = ALIGN (0x8)

/DISCARD/
 libc.a(*)
 libm.a(*)
 libgcc.a(*)

.ARM.attributes
                0x00000000       0x30
 *(.ARM.attributes)
 .ARM.attributes
                0x00000000       0x22 C:/ST/STM32CubeIDE_1.19.0/STM32CubeIDE/plugins/com.st.stm32cube.ide.mcu.externaltools.gnu-tools-for-stm32.13.3.rel1.win32_1.0.0.202411081344/tools/bin/../lib/gcc/arm-none-eabi/13.3.1/thumb/v7e-m+fp/hard/crti.o
 .ARM.attributes
                0x00000022       0x34 C:/ST/STM32CubeIDE_1.19.0/STM32CubeIDE/plugins/com.st.stm32cube.ide.mcu.externaltools.gnu-tools-for-stm32.13.3.rel1.win32_1.0.0.202411081344/tools/bin/../lib/gcc/arm-none-eabi/13.3.1/thumb/v7e-m+fp/hard/crtbegin.o
 .ARM.attributes
                0x00000056       0x34 ./Core/Src/Timer1.o
 .ARM.attributes
                0x0000008a       0x34 ./Core/Src/main.o
 .ARM.attributes
                0x000000be       0x34 ./Core/Src/stm32f4xx_hal_msp.o
 .ARM.attributes
                0x000000f2       0x34 ./Core/Src/stm32f4xx_it.o
 .ARM.attributes
                0x00000126       0x34 ./Core/Src/system_stm32f4xx.o
 .ARM.attributes
                0x0000015a       0x21 ./Core/Startup/startup_stm32f410r8tx.o
 .ARM.attributes
                0x0000017b       0x34 ./Drivers/STM32F4xx_HAL_Driver/Src/stm32f4xx_hal.o
 .ARM.attributes
                0x000001af       0x34 ./Drivers/STM32F4xx_HAL_Driver/Src/stm32f4xx_hal_cortex.o
 .ARM.attributes
                0x000001e3       0x34 ./Drivers/STM32F4xx_HAL_Driver/Src/stm32f4xx_hal_dma.o
 .ARM.attributes
                0x00000217       0x34 ./Drivers/STM32F4xx_HAL_Driver/Src/stm32f4xx_hal_gpio.o
 .ARM.attributes
                0x0000024b       0x34 ./Drivers/STM32F4xx_HAL_Driver/Src/stm32f4xx_hal_i2c.o
 .ARM.attributes
                0x0000027f       0x34 ./Drivers/STM32F4xx_HAL_Driver/Src/stm32f4xx_hal_rcc.o
 .ARM.attributes
                0x000002b3       0x34 ./Drivers/STM32F4xx_HAL_Driver/Src/stm32f4xx_hal_rcc_ex.o
 .ARM.attributes
                0x000002e7       0x34 ./Drivers/STM32F4xx_HAL_Driver/Src/stm32f4xx_hal_tim.o
 .ARM.attributes
                0x0000031b       0x34 ./Drivers/STM32F4xx_HAL_Driver/Src/stm32f4xx_hal_tim_ex.o
 .ARM.attributes
                0x0000034f       0x34 ./Drivers/STM32F4xx_HAL_Driver/Src/stm32f4xx_hal_uart.o
 .ARM.attributes
                0x00000383       0x34 C:/ST/STM32CubeIDE_1.19.0/STM32CubeIDE/plugins/com.st.stm32cube.ide.mcu.externaltools.gnu-tools-for-stm32.13.3.rel1.win32_1.0.0.202411081344/tools/bin/../lib/gcc/arm-none-eabi/13.3.1/../../../../arm-none-eabi/lib/thumb/v7e-m+fp/hard\libc_nano.a(libc_a-memset.o)
 .ARM.attributes
                0x000003b7       0x34 C:/ST/STM32CubeIDE_1.19.0/STM32CubeIDE/plugins/com.st.stm32cube.ide.mcu.externaltools.gnu-tools-for-stm32.13.3.rel1.win32_1.0.0.202411081344/tools/bin/../lib/gcc/arm-none-eabi/13.3.1/../../../../arm-none-eabi/lib/thumb/v7e-m+fp/hard\libc_nano.a(libc_a-init.o)
 .ARM.attributes
                0x000003eb       0x22 C:/ST/STM32CubeIDE_1.19.0/STM32CubeIDE/plugins/com.st.stm32cube.ide.mcu.externaltools.gnu-tools-for-stm32.13.3.rel1.win32_1.0.0.202411081344/tools/bin/../lib/gcc/arm-none-eabi/13.3.1/thumb/v7e-m+fp/hard\libgcc.a(_arm_muldf3.o)
 .ARM.attributes
                0x0000040d       0x22 C:/ST/STM32CubeIDE_1.19.0/STM32CubeIDE/plugins/com.st.stm32cube.ide.mcu.externaltools.gnu-tools-for-stm32.13.3.rel1.win32_1.0.0.202411081344/tools/bin/../lib/gcc/arm-none-eabi/13.3.1/thumb/v7e-m+fp/hard\libgcc.a(_arm_addsubdf3.o)
 .ARM.attributes
                0x0000042f       0x22 C:/ST/STM32CubeIDE_1.19.0/STM32CubeIDE/plugins/com.st.stm32cube.ide.mcu.externaltools.gnu-tools-for-stm32.13.3.rel1.win32_1.0.0.202411081344/tools/bin/../lib/gcc/arm-none-eabi/13.3.1/thumb/v7e-m+fp/hard\libgcc.a(_arm_fixunsdfsi.o)
 .ARM.attributes
                0x00000451       0x22 C:/ST/STM32CubeIDE_1.19.0/STM32CubeIDE/plugins/com.st.stm32cube.ide.mcu.externaltools.gnu-tools-for-stm32.13.3.rel1.win32_1.0.0.202411081344/tools/bin/../lib/gcc/arm-none-eabi/13.3.1/thumb/v7e-m+fp/hard\libgcc.a(_aeabi_uldivmod.o)
 .ARM.attributes
                0x00000473       0x34 C:/ST/STM32CubeIDE_1.19.0/STM32CubeIDE/plugins/com.st.stm32cube.ide.mcu.externaltools.gnu-tools-for-stm32.13.3.rel1.win32_1.0.0.202411081344/tools/bin/../lib/gcc/arm-none-eabi/13.3.1/thumb/v7e-m+fp/hard\libgcc.a(_udivmoddi4.o)
 .ARM.attributes
                0x000004a7       0x22 C:/ST/STM32CubeIDE_1.19.0/STM32CubeIDE/plugins/com.st.stm32cube.ide.mcu.externaltools.gnu-tools-for-stm32.13.3.rel1.win32_1.0.0.202411081344/tools/bin/../lib/gcc/arm-none-eabi/13.3.1/thumb/v7e-m+fp/hard\libgcc.a(_dvmd_tls.o)
 .ARM.attributes
                0x000004c9       0x22 C:/ST/STM32CubeIDE_1.19.0/STM32CubeIDE/plugins/com.st.stm32cube.ide.mcu.externaltools.gnu-tools-for-stm32.13.3.rel1.win32_1.0.0.202411081344/tools/bin/../lib/gcc/arm-none-eabi/13.3.1/thumb/v7e-m+fp/hard/crtn.o
OUTPUT(WorkingMotorBoardFirmware.elf elf32-littlearm)
LOAD linker stubs
LOAD C:/ST/STM32CubeIDE_1.19.0/STM32CubeIDE/plugins/com.st.stm32cube.ide.mcu.externaltools.gnu-tools-for-stm32.13.3.rel1.win32_1.0.0.202411081344/tools/bin/../lib/gcc/arm-none-eabi/13.3.1/../../../../arm-none-eabi/lib/thumb/v7e-m+fp/hard\libc.a
LOAD C:/ST/STM32CubeIDE_1.19.0/STM32CubeIDE/plugins/com.st.stm32cube.ide.mcu.externaltools.gnu-tools-for-stm32.13.3.rel1.win32_1.0.0.202411081344/tools/bin/../lib/gcc/arm-none-eabi/13.3.1/../../../../arm-none-eabi/lib/thumb/v7e-m+fp/hard\libm.a
LOAD C:/ST/STM32CubeIDE_1.19.0/STM32CubeIDE/plugins/com.st.stm32cube.ide.mcu.externaltools.gnu-tools-for-stm32.13.3.rel1.win32_1.0.0.202411081344/tools/bin/../lib/gcc/arm-none-eabi/13.3.1/thumb/v7e-m+fp/hard\libgcc.a

.debug_info     0x00000000    0x105d0
 .debug_info    0x00000000      0x60c ./Core/Src/Timer1.o
 .debug_info    0x0000060c     0x1894 ./Core/Src/main.o
 .debug_info    0x00001ea0     0x1250 ./Core/Src/stm32f4xx_hal_msp.o
 .debug_info    0x000030f0      0x9ed ./Core/Src/stm32f4xx_it.o
 .debug_info    0x00003add      0x4f8 ./Core/Src/system_stm32f4xx.o
 .debug_info    0x00003fd5       0x30 ./Core/Startup/startup_stm32f410r8tx.o
 .debug_info    0x00004005      0x872 ./Drivers/STM32F4xx_HAL_Driver/Src/stm32f4xx_hal.o
 .debug_info    0x00004877      0xcde ./Drivers/STM32F4xx_HAL_Driver/Src/stm32f4xx_hal_cortex.o
 .debug_info    0x00005555      0x8e6 ./Drivers/STM32F4xx_HAL_Driver/Src/stm32f4xx_hal_dma.o
 .debug_info    0x00005e3b      0x6c5 ./Drivers/STM32F4xx_HAL_Driver/Src/stm32f4xx_hal_gpio.o
 .debug_info    0x00006500     0x2426 ./Drivers/STM32F4xx_HAL_Driver/Src/stm32f4xx_hal_i2c.o
 .debug_info    0x00008926      0x8bb ./Drivers/STM32F4xx_HAL_Driver/Src/stm32f4xx_hal_rcc.o
 .debug_info    0x000091e1      0x62f ./Drivers/STM32F4xx_HAL_Driver/Src/stm32f4xx_hal_rcc_ex.o
 .debug_info    0x00009810     0x2996 ./Drivers/STM32F4xx_HAL_Driver/Src/stm32f4xx_hal_tim.o
 .debug_info    0x0000c1a6     0x14d4 ./Drivers/STM32F4xx_HAL_Driver/Src/stm32f4xx_hal_tim_ex.o
 .debug_info    0x0000d67a     0x2f56 ./Drivers/STM32F4xx_HAL_Driver/Src/stm32f4xx_hal_uart.o

.debug_abbrev   0x00000000     0x22ce
 .debug_abbrev  0x00000000      0x154 ./Core/Src/Timer1.o
 .debug_abbrev  0x00000154      0x320 ./Core/Src/main.o
 .debug_abbrev  0x00000474      0x25c ./Core/Src/stm32f4xx_hal_msp.o
 .debug_abbrev  0x000006d0      0x1c7 ./Core/Src/stm32f4xx_it.o
 .debug_abbrev  0x00000897      0x11a ./Core/Src/system_stm32f4xx.o
 .debug_abbrev  0x000009b1       0x24 ./Core/Startup/startup_stm32f410r8tx.o
 .debug_abbrev  0x000009d5      0x247 ./Drivers/STM32F4xx_HAL_Driver/Src/stm32f4xx_hal.o
 .debug_abbrev  0x00000c1c      0x31d ./Drivers/STM32F4xx_HAL_Driver/Src/stm32f4xx_hal_cortex.o
 .debug_abbrev  0x00000f39      0x221 ./Drivers/STM32F4xx_HAL_Driver/Src/stm32f4xx_hal_dma.o
 .debug_abbrev  0x0000115a      0x1d6 ./Drivers/STM32F4xx_HAL_Driver/Src/stm32f4xx_hal_gpio.o
 .debug_abbrev  0x00001330      0x2bc ./Drivers/STM32F4xx_HAL_Driver/Src/stm32f4xx_hal_i2c.o
 .debug_abbrev  0x000015ec      0x2b7 ./Drivers/STM32F4xx_HAL_Driver/Src/stm32f4xx_hal_rcc.o
 .debug_abbrev  0x000018a3      0x1ef ./Drivers/STM32F4xx_HAL_Driver/Src/stm32f4xx_hal_rcc_ex.o
 .debug_abbrev  0x00001a92      0x28b ./Drivers/STM32F4xx_HAL_Driver/Src/stm32f4xx_hal_tim.o
 .debug_abbrev  0x00001d1d      0x296 ./Drivers/STM32F4xx_HAL_Driver/Src/stm32f4xx_hal_tim_ex.o
 .debug_abbrev  0x00001fb3      0x31b ./Drivers/STM32F4xx_HAL_Driver/Src/stm32f4xx_hal_uart.o

.debug_aranges  0x00000000     0x1000
 .debug_aranges
                0x00000000       0x48 ./Core/Src/Timer1.o
 .debug_aranges
                0x00000048       0xc8 ./Core/Src/main.o
 .debug_aranges
                0x00000110       0x50 ./Core/Src/stm32f4xx_hal_msp.o
 .debug_aranges
                0x00000160       0x88 ./Core/Src/stm32f4xx_it.o
 .debug_aranges
                0x000001e8       0x28 ./Core/Src/system_stm32f4xx.o
 .debug_aranges
                0x00000210       0x28 ./Core/Startup/startup_stm32f410r8tx.o
 .debug_aranges
                0x00000238       0xf0 ./Drivers/STM32F4xx_HAL_Driver/Src/stm32f4xx_hal.o
 .debug_aranges
                0x00000328      0x130 ./Drivers/STM32F4xx_HAL_Driver/Src/stm32f4xx_hal_cortex.o
 .debug_aranges
                0x00000458       0x90 ./Drivers/STM32F4xx_HAL_Driver/Src/stm32f4xx_hal_dma.o
 .debug_aranges
                0x000004e8       0x58 ./Drivers/STM32F4xx_HAL_Driver/Src/stm32f4xx_hal_gpio.o
 .debug_aranges
                0x00000540      0x2a8 ./Drivers/STM32F4xx_HAL_Driver/Src/stm32f4xx_hal_i2c.o
 .debug_aranges
                0x000007e8       0x88 ./Drivers/STM32F4xx_HAL_Driver/Src/stm32f4xx_hal_rcc.o
 .debug_aranges
                0x00000870       0x50 ./Drivers/STM32F4xx_HAL_Driver/Src/stm32f4xx_hal_rcc_ex.o
 .debug_aranges
                0x000008c0      0x3d0 ./Drivers/STM32F4xx_HAL_Driver/Src/stm32f4xx_hal_tim.o
 .debug_aranges
                0x00000c90      0x168 ./Drivers/STM32F4xx_HAL_Driver/Src/stm32f4xx_hal_tim_ex.o
 .debug_aranges
                0x00000df8      0x208 ./Drivers/STM32F4xx_HAL_Driver/Src/stm32f4xx_hal_uart.o

.debug_rnglists
                0x00000000      0xcb2
 .debug_rnglists
                0x00000000       0x36 ./Core/Src/Timer1.o
 .debug_rnglists
                0x00000036       0x98 ./Core/Src/main.o
 .debug_rnglists
                0x000000ce       0x39 ./Core/Src/stm32f4xx_hal_msp.o
 .debug_rnglists
                0x00000107       0x61 ./Core/Src/stm32f4xx_it.o
 .debug_rnglists
                0x00000168       0x1a ./Core/Src/system_stm32f4xx.o
 .debug_rnglists
                0x00000182       0x19 ./Core/Startup/startup_stm32f410r8tx.o
 .debug_rnglists
                0x0000019b       0xaf ./Drivers/STM32F4xx_HAL_Driver/Src/stm32f4xx_hal.o
 .debug_rnglists
                0x0000024a       0xe0 ./Drivers/STM32F4xx_HAL_Driver/Src/stm32f4xx_hal_cortex.o
 .debug_rnglists
                0x0000032a       0x70 ./Drivers/STM32F4xx_HAL_Driver/Src/stm32f4xx_hal_dma.o
 .debug_rnglists
                0x0000039a       0x3f ./Drivers/STM32F4xx_HAL_Driver/Src/stm32f4xx_hal_gpio.o
 .debug_rnglists
                0x000003d9      0x23c ./Drivers/STM32F4xx_HAL_Driver/Src/stm32f4xx_hal_i2c.o
 .debug_rnglists
                0x00000615       0x66 ./Drivers/STM32F4xx_HAL_Driver/Src/stm32f4xx_hal_rcc.o
 .debug_rnglists
                0x0000067b       0x3c ./Drivers/STM32F4xx_HAL_Driver/Src/stm32f4xx_hal_rcc_ex.o
 .debug_rnglists
                0x000006b7      0x31a ./Drivers/STM32F4xx_HAL_Driver/Src/stm32f4xx_hal_tim.o
 .debug_rnglists
                0x000009d1      0x125 ./Drivers/STM32F4xx_HAL_Driver/Src/stm32f4xx_hal_tim_ex.o
 .debug_rnglists
                0x00000af6      0x1bc ./Drivers/STM32F4xx_HAL_Driver/Src/stm32f4xx_hal_uart.o

.debug_macro    0x00000000    0x14f8d
 .debug_macro   0x00000000      0x1fa ./Core/Src/Timer1.o
 .debug_macro   0x000001fa      0xad8 ./Core/Src/Timer1.o
 .debug_macro   0x00000cd2       0x28 ./Core/Src/Timer1.o
 .debug_macro   0x00000cfa       0x22 ./Core/Src/Timer1.o
 .debug_macro   0x00000d1c       0x8e ./Core/Src/Timer1.o
 .debug_macro   0x00000daa       0x51 ./Core/Src/Timer1.o
 .debug_macro   0x00000dfb      0x103 ./Core/Src/Timer1.o
 .debug_macro   0x00000efe       0x6a ./Core/Src/Timer1.o
 .debug_macro   0x00000f68      0x1df ./Core/Src/Timer1.o
 .debug_macro   0x00001147       0x1c ./Core/Src/Timer1.o
 .debug_macro   0x00001163       0x22 ./Core/Src/Timer1.o
 .debug_macro   0x00001185       0xfb ./Core/Src/Timer1.o
 .debug_macro   0x00001280     0x1011 ./Core/Src/Timer1.o
 .debug_macro   0x00002291      0x11f ./Core/Src/Timer1.o
 .debug_macro   0x000023b0     0x9cb9 ./Core/Src/Timer1.o
 .debug_macro   0x0000c069       0x2e ./Core/Src/Timer1.o
 .debug_macro   0x0000c097       0x6d ./Core/Src/Timer1.o
 .debug_macro   0x0000c104      0x2a1 ./Core/Src/Timer1.o
 .debug_macro   0x0000c3a5     0x3693 ./Core/Src/Timer1.o
 .debug_macro   0x0000fa38      0x190 ./Core/Src/Timer1.o
 .debug_macro   0x0000fbc8       0x5c ./Core/Src/Timer1.o
 .debug_macro   0x0000fc24      0x3b4 ./Core/Src/Timer1.o
 .debug_macro   0x0000ffd8      0x9e9 ./Core/Src/Timer1.o
 .debug_macro   0x000109c1      0x115 ./Core/Src/Timer1.o
 .debug_macro   0x00010ad6       0xc0 ./Core/Src/Timer1.o
 .debug_macro   0x00010b96       0xa5 ./Core/Src/Timer1.o
 .debug_macro   0x00010c3b      0x157 ./Core/Src/Timer1.o
 .debug_macro   0x00010d92      0x287 ./Core/Src/Timer1.o
 .debug_macro   0x00011019       0x5f ./Core/Src/Timer1.o
 .debug_macro   0x00011078      0x236 ./Core/Src/Timer1.o
 .debug_macro   0x000112ae      0x132 ./Core/Src/Timer1.o
 .debug_macro   0x000113e0      0x225 ./Core/Src/Timer1.o
 .debug_macro   0x00011605       0x2e ./Core/Src/Timer1.o
 .debug_macro   0x00011633      0x1b5 ./Core/Src/Timer1.o
 .debug_macro   0x000117e8       0x22 ./Core/Src/Timer1.o
 .debug_macro   0x0001180a       0xd6 ./Core/Src/Timer1.o
 .debug_macro   0x000118e0      0x127 ./Core/Src/Timer1.o
 .debug_macro   0x00011a07       0x91 ./Core/Src/Timer1.o
 .debug_macro   0x00011a98       0x89 ./Core/Src/Timer1.o
 .debug_macro   0x00011b21      0x8ed ./Core/Src/Timer1.o
 .debug_macro   0x0001240e       0x35 ./Core/Src/Timer1.o
 .debug_macro   0x00012443      0x2aa ./Core/Src/Timer1.o
 .debug_macro   0x000126ed      0x134 ./Core/Src/Timer1.o
 .debug_macro   0x00012821       0x1c ./Core/Src/Timer1.o
 .debug_macro   0x0001283d      0x381 ./Core/Src/main.o
 .debug_macro   0x00012bbe       0x10 ./Core/Src/main.o
 .debug_macro   0x00012bce       0x61 ./Core/Src/main.o
 .debug_macro   0x00012c2f       0x2a ./Core/Src/main.o
 .debug_macro   0x00012c59       0x43 ./Core/Src/main.o
 .debug_macro   0x00012c9c       0x34 ./Core/Src/main.o
 .debug_macro   0x00012cd0       0x16 ./Core/Src/main.o
 .debug_macro   0x00012ce6       0x3c ./Core/Src/main.o
 .debug_macro   0x00012d22      0x370 ./Core/Src/main.o
 .debug_macro   0x00013092       0x10 ./Core/Src/main.o
 .debug_macro   0x000130a2       0x16 ./Core/Src/main.o
 .debug_macro   0x000130b8       0x4a ./Core/Src/main.o
 .debug_macro   0x00013102       0x34 ./Core/Src/main.o
 .debug_macro   0x00013136       0x10 ./Core/Src/main.o
 .debug_macro   0x00013146       0x58 ./Core/Src/main.o
 .debug_macro   0x0001319e       0x8e ./Core/Src/main.o
 .debug_macro   0x0001322c       0x1c ./Core/Src/main.o
 .debug_macro   0x00013248      0x185 ./Core/Src/main.o
 .debug_macro   0x000133cd       0x16 ./Core/Src/main.o
 .debug_macro   0x000133e3       0x16 ./Core/Src/main.o
 .debug_macro   0x000133f9      0x146 ./Core/Src/main.o
 .debug_macro   0x0001353f       0x16 ./Core/Src/main.o
 .debug_macro   0x00013555       0x20 ./Core/Src/main.o
 .debug_macro   0x00013575       0x16 ./Core/Src/main.o
 .debug_macro   0x0001358b       0x16 ./Core/Src/main.o
 .debug_macro   0x000135a1       0x29 ./Core/Src/main.o
 .debug_macro   0x000135ca      0x1f6 ./Core/Src/stm32f4xx_hal_msp.o
 .debug_macro   0x000137c0      0x200 ./Core/Src/stm32f4xx_it.o
 .debug_macro   0x000139c0      0x1e7 ./Core/Src/system_stm32f4xx.o
 .debug_macro   0x00013ba7      0x247 ./Drivers/STM32F4xx_HAL_Driver/Src/stm32f4xx_hal.o
 .debug_macro   0x00013dee      0x1e7 ./Drivers/STM32F4xx_HAL_Driver/Src/stm32f4xx_hal_cortex.o
 .debug_macro   0x00013fd5      0x1ed ./Drivers/STM32F4xx_HAL_Driver/Src/stm32f4xx_hal_dma.o
 .debug_macro   0x000141c2      0x1ed ./Drivers/STM32F4xx_HAL_Driver/Src/stm32f4xx_hal_gpio.o
 .debug_macro   0x000143af      0x235 ./Drivers/STM32F4xx_HAL_Driver/Src/stm32f4xx_hal_i2c.o
 .debug_macro   0x000145e4      0x20b ./Drivers/STM32F4xx_HAL_Driver/Src/stm32f4xx_hal_rcc.o
 .debug_macro   0x000147ef      0x1e7 ./Drivers/STM32F4xx_HAL_Driver/Src/stm32f4xx_hal_rcc_ex.o
 .debug_macro   0x000149d6      0x1e8 ./Drivers/STM32F4xx_HAL_Driver/Src/stm32f4xx_hal_tim.o
 .debug_macro   0x00014bbe      0x1e7 ./Drivers/STM32F4xx_HAL_Driver/Src/stm32f4xx_hal_tim_ex.o
 .debug_macro   0x00014da5      0x1e8 ./Drivers/STM32F4xx_HAL_Driver/Src/stm32f4xx_hal_uart.o

.debug_line     0x00000000    0x12f8a
 .debug_line    0x00000000      0x9d5 ./Core/Src/Timer1.o
 .debug_line    0x000009d5      0xe2c ./Core/Src/main.o
 .debug_line    0x00001801      0x8d0 ./Core/Src/stm32f4xx_hal_msp.o
 .debug_line    0x000020d1      0x89e ./Core/Src/stm32f4xx_it.o
 .debug_line    0x0000296f      0x7ed ./Core/Src/system_stm32f4xx.o
 .debug_line    0x0000315c       0x7a ./Core/Startup/startup_stm32f410r8tx.o
 .debug_line    0x000031d6      0xa67 ./Drivers/STM32F4xx_HAL_Driver/Src/stm32f4xx_hal.o
 .debug_line    0x00003c3d      0xd39 ./Drivers/STM32F4xx_HAL_Driver/Src/stm32f4xx_hal_cortex.o
 .debug_line    0x00004976      0xfd5 ./Drivers/STM32F4xx_HAL_Driver/Src/stm32f4xx_hal_dma.o
 .debug_line    0x0000594b      0xb5d ./Drivers/STM32F4xx_HAL_Driver/Src/stm32f4xx_hal_gpio.o
 .debug_line    0x000064a8     0x3b16 ./Drivers/STM32F4xx_HAL_Driver/Src/stm32f4xx_hal_i2c.o
 .debug_line    0x00009fbe      0xe86 ./Drivers/STM32F4xx_HAL_Driver/Src/stm32f4xx_hal_rcc.o
 .debug_line    0x0000ae44      0xe06 ./Drivers/STM32F4xx_HAL_Driver/Src/stm32f4xx_hal_rcc_ex.o
 .debug_line    0x0000bc4a     0x34c1 ./Drivers/STM32F4xx_HAL_Driver/Src/stm32f4xx_hal_tim.o
 .debug_line    0x0000f10b     0x18ce ./Drivers/STM32F4xx_HAL_Driver/Src/stm32f4xx_hal_tim_ex.o
 .debug_line    0x000109d9     0x25b1 ./Drivers/STM32F4xx_HAL_Driver/Src/stm32f4xx_hal_uart.o

.debug_str      0x00000000    0x81e90
 .debug_str     0x00000000    0x81e90 ./Core/Src/Timer1.o
                              0x79e60 (size before relaxing)
 .debug_str     0x00081e90    0x7ea44 ./Core/Src/main.o
 .debug_str     0x00081e90    0x7abac ./Core/Src/stm32f4xx_hal_msp.o
 .debug_str     0x00081e90    0x7a495 ./Core/Src/stm32f4xx_it.o
 .debug_str     0x00081e90    0x79d53 ./Core/Src/system_stm32f4xx.o
 .debug_str     0x00081e90       0x93 ./Core/Startup/startup_stm32f410r8tx.o
 .debug_str     0x00081e90    0x7a749 ./Drivers/STM32F4xx_HAL_Driver/Src/stm32f4xx_hal.o
 .debug_str     0x00081e90    0x7a4e2 ./Drivers/STM32F4xx_HAL_Driver/Src/stm32f4xx_hal_cortex.o
 .debug_str     0x00081e90    0x7a18a ./Drivers/STM32F4xx_HAL_Driver/Src/stm32f4xx_hal_dma.o
 .debug_str     0x00081e90    0x79ed4 ./Drivers/STM32F4xx_HAL_Driver/Src/stm32f4xx_hal_gpio.o
 .debug_str     0x00081e90    0x7ad93 ./Drivers/STM32F4xx_HAL_Driver/Src/stm32f4xx_hal_i2c.o
 .debug_str     0x00081e90    0x7a18c ./Drivers/STM32F4xx_HAL_Driver/Src/stm32f4xx_hal_rcc.o
 .debug_str     0x00081e90    0x79f9f ./Drivers/STM32F4xx_HAL_Driver/Src/stm32f4xx_hal_rcc_ex.o
 .debug_str     0x00081e90    0x7b0fa ./Drivers/STM32F4xx_HAL_Driver/Src/stm32f4xx_hal_tim.o
 .debug_str     0x00081e90    0x7a906 ./Drivers/STM32F4xx_HAL_Driver/Src/stm32f4xx_hal_tim_ex.o
 .debug_str     0x00081e90    0x7a785 ./Drivers/STM32F4xx_HAL_Driver/Src/stm32f4xx_hal_uart.o

.comment        0x00000000       0x43
 .comment       0x00000000       0x43 ./Core/Src/Timer1.o
                                 0x44 (size before relaxing)
 .comment       0x00000043       0x44 ./Core/Src/main.o
 .comment       0x00000043       0x44 ./Core/Src/stm32f4xx_hal_msp.o
 .comment       0x00000043       0x44 ./Core/Src/stm32f4xx_it.o
 .comment       0x00000043       0x44 ./Core/Src/system_stm32f4xx.o
 .comment       0x00000043       0x44 ./Drivers/STM32F4xx_HAL_Driver/Src/stm32f4xx_hal.o
 .comment       0x00000043       0x44 ./Drivers/STM32F4xx_HAL_Driver/Src/stm32f4xx_hal_cortex.o
 .comment       0x00000043       0x44 ./Drivers/STM32F4xx_HAL_Driver/Src/stm32f4xx_hal_dma.o
 .comment       0x00000043       0x44 ./Drivers/STM32F4xx_HAL_Driver/Src/stm32f4xx_hal_gpio.o
 .comment       0x00000043       0x44 ./Drivers/STM32F4xx_HAL_Driver/Src/stm32f4xx_hal_i2c.o
 .comment       0x00000043       0x44 ./Drivers/STM32F4xx_HAL_Driver/Src/stm32f4xx_hal_rcc.o
 .comment       0x00000043       0x44 ./Drivers/STM32F4xx_HAL_Driver/Src/stm32f4xx_hal_rcc_ex.o
 .comment       0x00000043       0x44 ./Drivers/STM32F4xx_HAL_Driver/Src/stm32f4xx_hal_tim.o
 .comment       0x00000043       0x44 ./Drivers/STM32F4xx_HAL_Driver/Src/stm32f4xx_hal_tim_ex.o
 .comment       0x00000043       0x44 ./Drivers/STM32F4xx_HAL_Driver/Src/stm32f4xx_hal_uart.o

.debug_frame    0x00000000     0x4564
 .debug_frame   0x00000000      0x100 ./Core/Src/Timer1.o
 .debug_frame   0x00000100      0x2d0 ./Core/Src/main.o
 .debug_frame   0x000003d0      0x110 ./Core/Src/stm32f4xx_hal_msp.o
 .debug_frame   0x000004e0      0x190 ./Core/Src/stm32f4xx_it.o
 .debug_frame   0x00000670       0x58 ./Core/Src/system_stm32f4xx.o
 .debug_frame   0x000006c8      0x374 ./Drivers/STM32F4xx_HAL_Driver/Src/stm32f4xx_hal.o
 .debug_frame   0x00000a3c      0x508 ./Drivers/STM32F4xx_HAL_Driver/Src/stm32f4xx_hal_cortex.o
 .debug_frame   0x00000f44      0x250 ./Drivers/STM32F4xx_HAL_Driver/Src/stm32f4xx_hal_dma.o
 .debug_frame   0x00001194      0x14c ./Drivers/STM32F4xx_HAL_Driver/Src/stm32f4xx_hal_gpio.o
 .debug_frame   0x000012e0      0xc84 ./Drivers/STM32F4xx_HAL_Driver/Src/stm32f4xx_hal_i2c.o
 .debug_frame   0x00001f64      0x1f4 ./Drivers/STM32F4xx_HAL_Driver/Src/stm32f4xx_hal_rcc.o
 .debug_frame   0x00002158      0x120 ./Drivers/STM32F4xx_HAL_Driver/Src/stm32f4xx_hal_rcc_ex.o
 .debug_frame   0x00002278     0x11b4 ./Drivers/STM32F4xx_HAL_Driver/Src/stm32f4xx_hal_tim.o
 .debug_frame   0x0000342c      0x638 ./Drivers/STM32F4xx_HAL_Driver/Src/stm32f4xx_hal_tim_ex.o
 .debug_frame   0x00003a64      0x954 ./Drivers/STM32F4xx_HAL_Driver/Src/stm32f4xx_hal_uart.o
 .debug_frame   0x000043b8       0x20 C:/ST/STM32CubeIDE_1.19.0/STM32CubeIDE/plugins/com.st.stm32cube.ide.mcu.externaltools.gnu-tools-for-stm32.13.3.rel1.win32_1.0.0.202411081344/tools/bin/../lib/gcc/arm-none-eabi/13.3.1/../../../../arm-none-eabi/lib/thumb/v7e-m+fp/hard\libc_nano.a(libc_a-memset.o)
 .debug_frame   0x000043d8       0x2c C:/ST/STM32CubeIDE_1.19.0/STM32CubeIDE/plugins/com.st.stm32cube.ide.mcu.externaltools.gnu-tools-for-stm32.13.3.rel1.win32_1.0.0.202411081344/tools/bin/../lib/gcc/arm-none-eabi/13.3.1/../../../../arm-none-eabi/lib/thumb/v7e-m+fp/hard\libc_nano.a(libc_a-init.o)
 .debug_frame   0x00004404       0x30 C:/ST/STM32CubeIDE_1.19.0/STM32CubeIDE/plugins/com.st.stm32cube.ide.mcu.externaltools.gnu-tools-for-stm32.13.3.rel1.win32_1.0.0.202411081344/tools/bin/../lib/gcc/arm-none-eabi/13.3.1/thumb/v7e-m+fp/hard\libgcc.a(_arm_muldf3.o)
 .debug_frame   0x00004434       0xac C:/ST/STM32CubeIDE_1.19.0/STM32CubeIDE/plugins/com.st.stm32cube.ide.mcu.externaltools.gnu-tools-for-stm32.13.3.rel1.win32_1.0.0.202411081344/tools/bin/../lib/gcc/arm-none-eabi/13.3.1/thumb/v7e-m+fp/hard\libgcc.a(_arm_addsubdf3.o)
 .debug_frame   0x000044e0       0x24 C:/ST/STM32CubeIDE_1.19.0/STM32CubeIDE/plugins/com.st.stm32cube.ide.mcu.externaltools.gnu-tools-for-stm32.13.3.rel1.win32_1.0.0.202411081344/tools/bin/../lib/gcc/arm-none-eabi/13.3.1/thumb/v7e-m+fp/hard\libgcc.a(_arm_fixunsdfsi.o)
 .debug_frame   0x00004504       0x2c C:/ST/STM32CubeIDE_1.19.0/STM32CubeIDE/plugins/com.st.stm32cube.ide.mcu.externaltools.gnu-tools-for-stm32.13.3.rel1.win32_1.0.0.202411081344/tools/bin/../lib/gcc/arm-none-eabi/13.3.1/thumb/v7e-m+fp/hard\libgcc.a(_aeabi_uldivmod.o)
 .debug_frame   0x00004530       0x34 C:/ST/STM32CubeIDE_1.19.0/STM32CubeIDE/plugins/com.st.stm32cube.ide.mcu.externaltools.gnu-tools-for-stm32.13.3.rel1.win32_1.0.0.202411081344/tools/bin/../lib/gcc/arm-none-eabi/13.3.1/thumb/v7e-m+fp/hard\libgcc.a(_udivmoddi4.o)

.debug_line_str
                0x00000000       0x77
 .debug_line_str
                0x00000000       0x77 ./Core/Startup/startup_stm32f410r8tx.o
