../Core/Src/main.c:101:6:UART_TransmitData	24	static
../Core/Src/main.c:112:6:UART_Print	16	static
../Core/Src/main.c:124:5:write_tx_buffer	24	static
../Core/Src/main.c:145:5:write_rx_buffer	24	static
../Core/Src/main.c:162:5:read_tx_buffer	24	static
../Core/Src/main.c:178:5:read_rx_buffer	24	static
../Core/Src/main.c:196:6:parse_rx	16	static
../Core/Src/main.c:303:6:HAL_UART_RxCpltCallback	16	static
../Core/Src/main.c:317:6:write_txL_buffer	16	static
../Core/Src/main.c:323:6:write_txH_buffer	16	static
../Core/Src/main.c:329:6:HAL_GPIO_EXTI_Callback	16	static,ignoring_inline_asm
../Core/Src/main.c:355:6:adc_sel	32	static
../Core/Src/main.c:368:6:adc_reset_conf	24	static
../Core/Src/main.c:380:10:adc_read	8	static
../Core/Src/main.c:393:5:main	16	static
../Core/Src/main.c:470:6:SystemClock_Config	88	static
../Core/Src/main.c:518:13:MX_ADC1_Init	24	static
../Core/Src/main.c:570:13:MX_USART6_UART_Init	8	static
../Core/Src/main.c:604:13:MX_GPIO_Init	48	static
../Core/Src/main.c:694:6:Error_Handler	4	static,ignoring_inline_asm
